[2025-12-31 21:14:23] local.ERROR: OptionVoteController@store error: foreach() argument must be of type array|object, null given  
[2025-12-31 21:15:27] local.ERROR: OptionVoteController@store error: Undefined array key 0 (View: C:\Dhaval\Web Development\Git\voting\resources\views\emails\votingdetails.blade.php)  
[2025-12-31 21:31:36] local.ERROR: PDOException: SQLSTATE[42000]: Syntax error or access violation: 1055 'indiaevoting.members.resolution_id' isn't in GROUP BY in C:\Dhaval\Web Development\Git\voting\vendor\laravel\framework\src\Illuminate\Database\Connection.php:421
Stack trace:
#0 C:\Dhaval\Web Development\Git\voting\vendor\laravel\framework\src\Illuminate\Database\Connection.php(421): PDOStatement->execute()
#1 C:\Dhaval\Web Development\Git\voting\vendor\laravel\framework\src\Illuminate\Database\Connection.php(809): Illuminate\Database\Connection->Illuminate\Database\{closure}('select `members...', Array)
#2 C:\Dhaval\Web Development\Git\voting\vendor\laravel\framework\src\Illuminate\Database\Connection.php(776): Illuminate\Database\Connection->runQueryCallback('select `members...', Array, Object(Closure))
#3 C:\Dhaval\Web Development\Git\voting\vendor\laravel\framework\src\Illuminate\Database\Connection.php(407): Illuminate\Database\Connection->run('select `members...', Array, Object(Closure))
#4 C:\Dhaval\Web Development\Git\voting\vendor\laravel\framework\src\Illuminate\Database\Query\Builder.php(2751): Illuminate\Database\Connection->select('select `members...', Array, true)
#5 C:\Dhaval\Web Development\Git\voting\vendor\laravel\framework\src\Illuminate\Database\Query\Builder.php(2740): Illuminate\Database\Query\Builder->runSelect()
#6 C:\Dhaval\Web Development\Git\voting\vendor\laravel\framework\src\Illuminate\Database\Query\Builder.php(3294): Illuminate\Database\Query\Builder->Illuminate\Database\Query\{closure}()
#7 C:\Dhaval\Web Development\Git\voting\vendor\laravel\framework\src\Illuminate\Database\Query\Builder.php(2739): Illuminate\Database\Query\Builder->onceWithColumns(Array, Object(Closure))
#8 C:\Dhaval\Web Development\Git\voting\vendor\laravel\framework\src\Illuminate\Database\Eloquent\Builder.php(737): Illuminate\Database\Query\Builder->get(Array)
#9 C:\Dhaval\Web Development\Git\voting\vendor\laravel\framework\src\Illuminate\Database\Eloquent\Builder.php(721): Illuminate\Database\Eloquent\Builder->getModels(Array)
#10 C:\Dhaval\Web Development\Git\voting\vendor\yajra\laravel-datatables-oracle\src\QueryDataTable.php(175): Illuminate\Database\Eloquent\Builder->get()
#11 C:\Dhaval\Web Development\Git\voting\vendor\yajra\laravel-datatables-oracle\src\QueryDataTable.php(158): Yajra\DataTables\QueryDataTable->results()
#12 C:\Dhaval\Web Development\Git\voting\app\Http\Controllers\VoteController.php(103): Yajra\DataTables\QueryDataTable->make(true)
#13 C:\Dhaval\Web Development\Git\voting\vendor\laravel\framework\src\Illuminate\Routing\Controller.php(54): App\Http\Controllers\VoteController->list(Object(Illuminate\Http\Request))
#14 C:\Dhaval\Web Development\Git\voting\vendor\laravel\framework\src\Illuminate\Routing\ControllerDispatcher.php(43): Illuminate\Routing\Controller->callAction('list', Array)
#15 C:\Dhaval\Web Development\Git\voting\vendor\laravel\framework\src\Illuminate\Routing\Route.php(259): Illuminate\Routing\ControllerDispatcher->dispatch(Object(Illuminate\Routing\Route), Object(App\Http\Controllers\VoteController), 'list')
#16 C:\Dhaval\Web Development\Git\voting\vendor\laravel\framework\src\Illuminate\Routing\Route.php(205): Illuminate\Routing\Route->runController()
#17 C:\Dhaval\Web Development\Git\voting\vendor\laravel\framework\src\Illuminate\Routing\Router.php(806): Illuminate\Routing\Route->run()
#18 C:\Dhaval\Web Development\Git\voting\vendor\laravel\framework\src\Illuminate\Pipeline\Pipeline.php(144): Illuminate\Routing\Router->Illuminate\Routing\{closure}(Object(Illuminate\Http\Request))
#19 C:\Dhaval\Web Development\Git\voting\app\Http\Middleware\UserStatus.php(21): Illuminate\Pipeline\Pipeline->Illuminate\Pipeline\{closure}(Object(Illuminate\Http\Request))
#20 C:\Dhaval\Web Development\Git\voting\vendor\laravel\framework\src\Illuminate\Pipeline\Pipeline.php(183): App\Http\Middleware\UserStatus->handle(Object(Illuminate\Http\Request), Object(Closure))
#21 C:\Dhaval\Web Development\Git\voting\vendor\laravel\framework\src\Illuminate\Routing\Middleware\SubstituteBindings.php(50): Illuminate\Pipeline\Pipeline->Illuminate\Pipeline\{closure}(Object(Illuminate\Http\Request))
#22 C:\Dhaval\Web Development\Git\voting\vendor\laravel\framework\src\Illuminate\Pipeline\Pipeline.php(183): Illuminate\Routing\Middleware\SubstituteBindings->handle(Object(Illuminate\Http\Request), Object(Closure))
#23 C:\Dhaval\Web Development\Git\voting\vendor\laravel\framework\src\Illuminate\Auth\Middleware\Authenticate.php(57): Illuminate\Pipeline\Pipeline->Illuminate\Pipeline\{closure}(Object(Illuminate\Http\Request))
#24 C:\Dhaval\Web Development\Git\voting\vendor\laravel\framework\src\Illuminate\Pipeline\Pipeline.php(183): Illuminate\Auth\Middleware\Authenticate->handle(Object(Illuminate\Http\Request), Object(Closure))
#25 C:\Dhaval\Web Development\Git\voting\vendor\laravel\framework\src\Illuminate\Foundation\Http\Middleware\VerifyCsrfToken.php(78): Illuminate\Pipeline\Pipeline->Illuminate\Pipeline\{closure}(Object(Illuminate\Http\Request))
#26 C:\Dhaval\Web Development\Git\voting\vendor\laravel\framework\src\Illuminate\Pipeline\Pipeline.php(183): Illuminate\Foundation\Http\Middleware\VerifyCsrfToken->handle(Object(Illuminate\Http\Request), Object(Closure))
#27 C:\Dhaval\Web Development\Git\voting\vendor\laravel\framework\src\Illuminate\View\Middleware\ShareErrorsFromSession.php(49): Illuminate\Pipeline\Pipeline->Illuminate\Pipeline\{closure}(Object(Illuminate\Http\Request))
#28 C:\Dhaval\Web Development\Git\voting\vendor\laravel\framework\src\Illuminate\Pipeline\Pipeline.php(183): Illuminate\View\Middleware\ShareErrorsFromSession->handle(Object(Illuminate\Http\Request), Object(Closure))
#29 C:\Dhaval\Web Development\Git\voting\vendor\laravel\framework\src\Illuminate\Session\Middleware\StartSession.php(121): Illuminate\Pipeline\Pipeline->Illuminate\Pipeline\{closure}(Object(Illuminate\Http\Request))
#30 C:\Dhaval\Web Development\Git\voting\vendor\laravel\framework\src\Illuminate\Session\Middleware\StartSession.php(64): Illuminate\Session\Middleware\StartSession->handleStatefulRequest(Object(Illuminate\Http\Request), Object(Illuminate\Session\Store), Object(Closure))
#31 C:\Dhaval\Web Development\Git\voting\vendor\laravel\framework\src\Illuminate\Pipeline\Pipeline.php(183): Illuminate\Session\Middleware\StartSession->handle(Object(Illuminate\Http\Request), Object(Closure))
#32 C:\Dhaval\Web Development\Git\voting\vendor\laravel\framework\src\Illuminate\Cookie\Middleware\AddQueuedCookiesToResponse.php(37): Illuminate\Pipeline\Pipeline->Illuminate\Pipeline\{closure}(Object(Illuminate\Http\Request))
#33 C:\Dhaval\Web Development\Git\voting\vendor\laravel\framework\src\Illuminate\Pipeline\Pipeline.php(183): Illuminate\Cookie\Middleware\AddQueuedCookiesToResponse->handle(Object(Illuminate\Http\Request), Object(Closure))
#34 C:\Dhaval\Web Development\Git\voting\vendor\laravel\framework\src\Illuminate\Cookie\Middleware\EncryptCookies.php(67): Illuminate\Pipeline\Pipeline->Illuminate\Pipeline\{closure}(Object(Illuminate\Http\Request))
#35 C:\Dhaval\Web Development\Git\voting\vendor\laravel\framework\src\Illuminate\Pipeline\Pipeline.php(183): Illuminate\Cookie\Middleware\EncryptCookies->handle(Object(Illuminate\Http\Request), Object(Closure))
#36 C:\Dhaval\Web Development\Git\voting\vendor\laravel\framework\src\Illuminate\Pipeline\Pipeline.php(119): Illuminate\Pipeline\Pipeline->Illuminate\Pipeline\{closure}(Object(Illuminate\Http\Request))
#37 C:\Dhaval\Web Development\Git\voting\vendor\laravel\framework\src\Illuminate\Routing\Router.php(805): Illuminate\Pipeline\Pipeline->then(Object(Closure))
#38 C:\Dhaval\Web Development\Git\voting\vendor\laravel\framework\src\Illuminate\Routing\Router.php(784): Illuminate\Routing\Router->runRouteWithinStack(Object(Illuminate\Routing\Route), Object(Illuminate\Http\Request))
#39 C:\Dhaval\Web Development\Git\voting\vendor\laravel\framework\src\Illuminate\Routing\Router.php(748): Illuminate\Routing\Router->runRoute(Object(Illuminate\Http\Request), Object(Illuminate\Routing\Route))
#40 C:\Dhaval\Web Development\Git\voting\vendor\laravel\framework\src\Illuminate\Routing\Router.php(737): Illuminate\Routing\Router->dispatchToRoute(Object(Illuminate\Http\Request))
#41 C:\Dhaval\Web Development\Git\voting\vendor\laravel\framework\src\Illuminate\Foundation\Http\Kernel.php(200): Illuminate\Routing\Router->dispatch(Object(Illuminate\Http\Request))
#42 C:\Dhaval\Web Development\Git\voting\vendor\laravel\framework\src\Illuminate\Pipeline\Pipeline.php(144): Illuminate\Foundation\Http\Kernel->Illuminate\Foundation\Http\{closure}(Object(Illuminate\Http\Request))
#43 C:\Dhaval\Web Development\Git\voting\vendor\laravel\framework\src\Illuminate\Foundation\Http\Middleware\TransformsRequest.php(21): Illuminate\Pipeline\Pipeline->Illuminate\Pipeline\{closure}(Object(Illuminate\Http\Request))
#44 C:\Dhaval\Web Development\Git\voting\vendor\laravel\framework\src\Illuminate\Foundation\Http\Middleware\ConvertEmptyStringsToNull.php(31): Illuminate\Foundation\Http\Middleware\TransformsRequest->handle(Object(Illuminate\Http\Request), Object(Closure))
#45 C:\Dhaval\Web Development\Git\voting\vendor\laravel\framework\src\Illuminate\Pipeline\Pipeline.php(183): Illuminate\Foundation\Http\Middleware\ConvertEmptyStringsToNull->handle(Object(Illuminate\Http\Request), Object(Closure))
#46 C:\Dhaval\Web Development\Git\voting\vendor\laravel\framework\src\Illuminate\Foundation\Http\Middleware\TransformsRequest.php(21): Illuminate\Pipeline\Pipeline->Illuminate\Pipeline\{closure}(Object(Illuminate\Http\Request))
#47 C:\Dhaval\Web Development\Git\voting\vendor\laravel\framework\src\Illuminate\Foundation\Http\Middleware\TrimStrings.php(40): Illuminate\Foundation\Http\Middleware\TransformsRequest->handle(Object(Illuminate\Http\Request), Object(Closure))
#48 C:\Dhaval\Web Development\Git\voting\vendor\laravel\framework\src\Illuminate\Pipeline\Pipeline.php(183): Illuminate\Foundation\Http\Middleware\TrimStrings->handle(Object(Illuminate\Http\Request), Object(Closure))
#49 C:\Dhaval\Web Development\Git\voting\vendor\laravel\framework\src\Illuminate\Foundation\Http\Middleware\ValidatePostSize.php(27): Illuminate\Pipeline\Pipeline->Illuminate\Pipeline\{closure}(Object(Illuminate\Http\Request))
#50 C:\Dhaval\Web Development\Git\voting\vendor\laravel\framework\src\Illuminate\Pipeline\Pipeline.php(183): Illuminate\Foundation\Http\Middleware\ValidatePostSize->handle(Object(Illuminate\Http\Request), Object(Closure))
#51 C:\Dhaval\Web Development\Git\voting\vendor\laravel\framework\src\Illuminate\Foundation\Http\Middleware\PreventRequestsDuringMaintenance.php(99): Illuminate\Pipeline\Pipeline->Illuminate\Pipeline\{closure}(Object(Illuminate\Http\Request))
#52 C:\Dhaval\Web Development\Git\voting\vendor\laravel\framework\src\Illuminate\Pipeline\Pipeline.php(183): Illuminate\Foundation\Http\Middleware\PreventRequestsDuringMaintenance->handle(Object(Illuminate\Http\Request), Object(Closure))
#53 C:\Dhaval\Web Development\Git\voting\vendor\laravel\framework\src\Illuminate\Http\Middleware\HandleCors.php(49): Illuminate\Pipeline\Pipeline->Illuminate\Pipeline\{closure}(Object(Illuminate\Http\Request))
#54 C:\Dhaval\Web Development\Git\voting\vendor\laravel\framework\src\Illuminate\Pipeline\Pipeline.php(183): Illuminate\Http\Middleware\HandleCors->handle(Object(Illuminate\Http\Request), Object(Closure))
#55 C:\Dhaval\Web Development\Git\voting\vendor\laravel\framework\src\Illuminate\Http\Middleware\TrustProxies.php(39): Illuminate\Pipeline\Pipeline->Illuminate\Pipeline\{closure}(Object(Illuminate\Http\Request))
#56 C:\Dhaval\Web Development\Git\voting\vendor\laravel\framework\src\Illuminate\Pipeline\Pipeline.php(183): Illuminate\Http\Middleware\TrustProxies->handle(Object(Illuminate\Http\Request), Object(Closure))
#57 C:\Dhaval\Web Development\Git\voting\vendor\laravel\framework\src\Illuminate\Pipeline\Pipeline.php(119): Illuminate\Pipeline\Pipeline->Illuminate\Pipeline\{closure}(Object(Illuminate\Http\Request))
#58 C:\Dhaval\Web Development\Git\voting\vendor\laravel\framework\src\Illuminate\Foundation\Http\Kernel.php(175): Illuminate\Pipeline\Pipeline->then(Object(Closure))
#59 C:\Dhaval\Web Development\Git\voting\vendor\laravel\framework\src\Illuminate\Foundation\Http\Kernel.php(144): Illuminate\Foundation\Http\Kernel->sendRequestThroughRouter(Object(Illuminate\Http\Request))
#60 C:\Dhaval\Web Development\Git\voting\public\index.php(51): Illuminate\Foundation\Http\Kernel->handle(Object(Illuminate\Http\Request))
#61 C:\Dhaval\Web Development\Git\voting\vendor\laravel\framework\src\Illuminate\Foundation\resources\server.php(16): require_once('C:\\Dhaval\\Web D...')
#62 {main}

Next Illuminate\Database\QueryException: SQLSTATE[42000]: Syntax error or access violation: 1055 'indiaevoting.members.resolution_id' isn't in GROUP BY (Connection: mysql, SQL: select `members`.* from `members` left join `votes` on `members`.`id` = `votes`.`member_id` and `votes`.`resolution_id` = 2 left join `optinon_votings` on `members`.`id` = `optinon_votings`.`member_id` and `optinon_votings`.`resolution_id` = 2 where `members`.`resolution_id` = 2 and `members`.`deleted_at` is null group by `members`.`id` order by CASE WHEN votes.id IS NOT NULL OR optinon_votings.id IS NOT NULL THEN 0 ELSE 1 END asc limit 10 offset 0) in C:\Dhaval\Web Development\Git\voting\vendor\laravel\framework\src\Illuminate\Database\Connection.php:822
Stack trace:
#0 C:\Dhaval\Web Development\Git\voting\vendor\laravel\framework\src\Illuminate\Database\Connection.php(776): Illuminate\Database\Connection->runQueryCallback('select `members...', Array, Object(Closure))
#1 C:\Dhaval\Web Development\Git\voting\vendor\laravel\framework\src\Illuminate\Database\Connection.php(407): Illuminate\Database\Connection->run('select `members...', Array, Object(Closure))
#2 C:\Dhaval\Web Development\Git\voting\vendor\laravel\framework\src\Illuminate\Database\Query\Builder.php(2751): Illuminate\Database\Connection->select('select `members...', Array, true)
#3 C:\Dhaval\Web Development\Git\voting\vendor\laravel\framework\src\Illuminate\Database\Query\Builder.php(2740): Illuminate\Database\Query\Builder->runSelect()
#4 C:\Dhaval\Web Development\Git\voting\vendor\laravel\framework\src\Illuminate\Database\Query\Builder.php(3294): Illuminate\Database\Query\Builder->Illuminate\Database\Query\{closure}()
#5 C:\Dhaval\Web Development\Git\voting\vendor\laravel\framework\src\Illuminate\Database\Query\Builder.php(2739): Illuminate\Database\Query\Builder->onceWithColumns(Array, Object(Closure))
#6 C:\Dhaval\Web Development\Git\voting\vendor\laravel\framework\src\Illuminate\Database\Eloquent\Builder.php(737): Illuminate\Database\Query\Builder->get(Array)
#7 C:\Dhaval\Web Development\Git\voting\vendor\laravel\framework\src\Illuminate\Database\Eloquent\Builder.php(721): Illuminate\Database\Eloquent\Builder->getModels(Array)
#8 C:\Dhaval\Web Development\Git\voting\vendor\yajra\laravel-datatables-oracle\src\QueryDataTable.php(175): Illuminate\Database\Eloquent\Builder->get()
#9 C:\Dhaval\Web Development\Git\voting\vendor\yajra\laravel-datatables-oracle\src\QueryDataTable.php(158): Yajra\DataTables\QueryDataTable->results()
#10 C:\Dhaval\Web Development\Git\voting\app\Http\Controllers\VoteController.php(103): Yajra\DataTables\QueryDataTable->make(true)
#11 C:\Dhaval\Web Development\Git\voting\vendor\laravel\framework\src\Illuminate\Routing\Controller.php(54): App\Http\Controllers\VoteController->list(Object(Illuminate\Http\Request))
#12 C:\Dhaval\Web Development\Git\voting\vendor\laravel\framework\src\Illuminate\Routing\ControllerDispatcher.php(43): Illuminate\Routing\Controller->callAction('list', Array)
#13 C:\Dhaval\Web Development\Git\voting\vendor\laravel\framework\src\Illuminate\Routing\Route.php(259): Illuminate\Routing\ControllerDispatcher->dispatch(Object(Illuminate\Routing\Route), Object(App\Http\Controllers\VoteController), 'list')
#14 C:\Dhaval\Web Development\Git\voting\vendor\laravel\framework\src\Illuminate\Routing\Route.php(205): Illuminate\Routing\Route->runController()
#15 C:\Dhaval\Web Development\Git\voting\vendor\laravel\framework\src\Illuminate\Routing\Router.php(806): Illuminate\Routing\Route->run()
#16 C:\Dhaval\Web Development\Git\voting\vendor\laravel\framework\src\Illuminate\Pipeline\Pipeline.php(144): Illuminate\Routing\Router->Illuminate\Routing\{closure}(Object(Illuminate\Http\Request))
#17 C:\Dhaval\Web Development\Git\voting\app\Http\Middleware\UserStatus.php(21): Illuminate\Pipeline\Pipeline->Illuminate\Pipeline\{closure}(Object(Illuminate\Http\Request))
#18 C:\Dhaval\Web Development\Git\voting\vendor\laravel\framework\src\Illuminate\Pipeline\Pipeline.php(183): App\Http\Middleware\UserStatus->handle(Object(Illuminate\Http\Request), Object(Closure))
#19 C:\Dhaval\Web Development\Git\voting\vendor\laravel\framework\src\Illuminate\Routing\Middleware\SubstituteBindings.php(50): Illuminate\Pipeline\Pipeline->Illuminate\Pipeline\{closure}(Object(Illuminate\Http\Request))
#20 C:\Dhaval\Web Development\Git\voting\vendor\laravel\framework\src\Illuminate\Pipeline\Pipeline.php(183): Illuminate\Routing\Middleware\SubstituteBindings->handle(Object(Illuminate\Http\Request), Object(Closure))
#21 C:\Dhaval\Web Development\Git\voting\vendor\laravel\framework\src\Illuminate\Auth\Middleware\Authenticate.php(57): Illuminate\Pipeline\Pipeline->Illuminate\Pipeline\{closure}(Object(Illuminate\Http\Request))
#22 C:\Dhaval\Web Development\Git\voting\vendor\laravel\framework\src\Illuminate\Pipeline\Pipeline.php(183): Illuminate\Auth\Middleware\Authenticate->handle(Object(Illuminate\Http\Request), Object(Closure))
#23 C:\Dhaval\Web Development\Git\voting\vendor\laravel\framework\src\Illuminate\Foundation\Http\Middleware\VerifyCsrfToken.php(78): Illuminate\Pipeline\Pipeline->Illuminate\Pipeline\{closure}(Object(Illuminate\Http\Request))
#24 C:\Dhaval\Web Development\Git\voting\vendor\laravel\framework\src\Illuminate\Pipeline\Pipeline.php(183): Illuminate\Foundation\Http\Middleware\VerifyCsrfToken->handle(Object(Illuminate\Http\Request), Object(Closure))
#25 C:\Dhaval\Web Development\Git\voting\vendor\laravel\framework\src\Illuminate\View\Middleware\ShareErrorsFromSession.php(49): Illuminate\Pipeline\Pipeline->Illuminate\Pipeline\{closure}(Object(Illuminate\Http\Request))
#26 C:\Dhaval\Web Development\Git\voting\vendor\laravel\framework\src\Illuminate\Pipeline\Pipeline.php(183): Illuminate\View\Middleware\ShareErrorsFromSession->handle(Object(Illuminate\Http\Request), Object(Closure))
#27 C:\Dhaval\Web Development\Git\voting\vendor\laravel\framework\src\Illuminate\Session\Middleware\StartSession.php(121): Illuminate\Pipeline\Pipeline->Illuminate\Pipeline\{closure}(Object(Illuminate\Http\Request))
#28 C:\Dhaval\Web Development\Git\voting\vendor\laravel\framework\src\Illuminate\Session\Middleware\StartSession.php(64): Illuminate\Session\Middleware\StartSession->handleStatefulRequest(Object(Illuminate\Http\Request), Object(Illuminate\Session\Store), Object(Closure))
#29 C:\Dhaval\Web Development\Git\voting\vendor\laravel\framework\src\Illuminate\Pipeline\Pipeline.php(183): Illuminate\Session\Middleware\StartSession->handle(Object(Illuminate\Http\Request), Object(Closure))
#30 C:\Dhaval\Web Development\Git\voting\vendor\laravel\framework\src\Illuminate\Cookie\Middleware\AddQueuedCookiesToResponse.php(37): Illuminate\Pipeline\Pipeline->Illuminate\Pipeline\{closure}(Object(Illuminate\Http\Request))
#31 C:\Dhaval\Web Development\Git\voting\vendor\laravel\framework\src\Illuminate\Pipeline\Pipeline.php(183): Illuminate\Cookie\Middleware\AddQueuedCookiesToResponse->handle(Object(Illuminate\Http\Request), Object(Closure))
#32 C:\Dhaval\Web Development\Git\voting\vendor\laravel\framework\src\Illuminate\Cookie\Middleware\EncryptCookies.php(67): Illuminate\Pipeline\Pipeline->Illuminate\Pipeline\{closure}(Object(Illuminate\Http\Request))
#33 C:\Dhaval\Web Development\Git\voting\vendor\laravel\framework\src\Illuminate\Pipeline\Pipeline.php(183): Illuminate\Cookie\Middleware\EncryptCookies->handle(Object(Illuminate\Http\Request), Object(Closure))
#34 C:\Dhaval\Web Development\Git\voting\vendor\laravel\framework\src\Illuminate\Pipeline\Pipeline.php(119): Illuminate\Pipeline\Pipeline->Illuminate\Pipeline\{closure}(Object(Illuminate\Http\Request))
#35 C:\Dhaval\Web Development\Git\voting\vendor\laravel\framework\src\Illuminate\Routing\Router.php(805): Illuminate\Pipeline\Pipeline->then(Object(Closure))
#36 C:\Dhaval\Web Development\Git\voting\vendor\laravel\framework\src\Illuminate\Routing\Router.php(784): Illuminate\Routing\Router->runRouteWithinStack(Object(Illuminate\Routing\Route), Object(Illuminate\Http\Request))
#37 C:\Dhaval\Web Development\Git\voting\vendor\laravel\framework\src\Illuminate\Routing\Router.php(748): Illuminate\Routing\Router->runRoute(Object(Illuminate\Http\Request), Object(Illuminate\Routing\Route))
#38 C:\Dhaval\Web Development\Git\voting\vendor\laravel\framework\src\Illuminate\Routing\Router.php(737): Illuminate\Routing\Router->dispatchToRoute(Object(Illuminate\Http\Request))
#39 C:\Dhaval\Web Development\Git\voting\vendor\laravel\framework\src\Illuminate\Foundation\Http\Kernel.php(200): Illuminate\Routing\Router->dispatch(Object(Illuminate\Http\Request))
#40 C:\Dhaval\Web Development\Git\voting\vendor\laravel\framework\src\Illuminate\Pipeline\Pipeline.php(144): Illuminate\Foundation\Http\Kernel->Illuminate\Foundation\Http\{closure}(Object(Illuminate\Http\Request))
#41 C:\Dhaval\Web Development\Git\voting\vendor\laravel\framework\src\Illuminate\Foundation\Http\Middleware\TransformsRequest.php(21): Illuminate\Pipeline\Pipeline->Illuminate\Pipeline\{closure}(Object(Illuminate\Http\Request))
#42 C:\Dhaval\Web Development\Git\voting\vendor\laravel\framework\src\Illuminate\Foundation\Http\Middleware\ConvertEmptyStringsToNull.php(31): Illuminate\Foundation\Http\Middleware\TransformsRequest->handle(Object(Illuminate\Http\Request), Object(Closure))
#43 C:\Dhaval\Web Development\Git\voting\vendor\laravel\framework\src\Illuminate\Pipeline\Pipeline.php(183): Illuminate\Foundation\Http\Middleware\ConvertEmptyStringsToNull->handle(Object(Illuminate\Http\Request), Object(Closure))
#44 C:\Dhaval\Web Development\Git\voting\vendor\laravel\framework\src\Illuminate\Foundation\Http\Middleware\TransformsRequest.php(21): Illuminate\Pipeline\Pipeline->Illuminate\Pipeline\{closure}(Object(Illuminate\Http\Request))
#45 C:\Dhaval\Web Development\Git\voting\vendor\laravel\framework\src\Illuminate\Foundation\Http\Middleware\TrimStrings.php(40): Illuminate\Foundation\Http\Middleware\TransformsRequest->handle(Object(Illuminate\Http\Request), Object(Closure))
#46 C:\Dhaval\Web Development\Git\voting\vendor\laravel\framework\src\Illuminate\Pipeline\Pipeline.php(183): Illuminate\Foundation\Http\Middleware\TrimStrings->handle(Object(Illuminate\Http\Request), Object(Closure))
#47 C:\Dhaval\Web Development\Git\voting\vendor\laravel\framework\src\Illuminate\Foundation\Http\Middleware\ValidatePostSize.php(27): Illuminate\Pipeline\Pipeline->Illuminate\Pipeline\{closure}(Object(Illuminate\Http\Request))
#48 C:\Dhaval\Web Development\Git\voting\vendor\laravel\framework\src\Illuminate\Pipeline\Pipeline.php(183): Illuminate\Foundation\Http\Middleware\ValidatePostSize->handle(Object(Illuminate\Http\Request), Object(Closure))
#49 C:\Dhaval\Web Development\Git\voting\vendor\laravel\framework\src\Illuminate\Foundation\Http\Middleware\PreventRequestsDuringMaintenance.php(99): Illuminate\Pipeline\Pipeline->Illuminate\Pipeline\{closure}(Object(Illuminate\Http\Request))
#50 C:\Dhaval\Web Development\Git\voting\vendor\laravel\framework\src\Illuminate\Pipeline\Pipeline.php(183): Illuminate\Foundation\Http\Middleware\PreventRequestsDuringMaintenance->handle(Object(Illuminate\Http\Request), Object(Closure))
#51 C:\Dhaval\Web Development\Git\voting\vendor\laravel\framework\src\Illuminate\Http\Middleware\HandleCors.php(49): Illuminate\Pipeline\Pipeline->Illuminate\Pipeline\{closure}(Object(Illuminate\Http\Request))
#52 C:\Dhaval\Web Development\Git\voting\vendor\laravel\framework\src\Illuminate\Pipeline\Pipeline.php(183): Illuminate\Http\Middleware\HandleCors->handle(Object(Illuminate\Http\Request), Object(Closure))
#53 C:\Dhaval\Web Development\Git\voting\vendor\laravel\framework\src\Illuminate\Http\Middleware\TrustProxies.php(39): Illuminate\Pipeline\Pipeline->Illuminate\Pipeline\{closure}(Object(Illuminate\Http\Request))
#54 C:\Dhaval\Web Development\Git\voting\vendor\laravel\framework\src\Illuminate\Pipeline\Pipeline.php(183): Illuminate\Http\Middleware\TrustProxies->handle(Object(Illuminate\Http\Request), Object(Closure))
#55 C:\Dhaval\Web Development\Git\voting\vendor\laravel\framework\src\Illuminate\Pipeline\Pipeline.php(119): Illuminate\Pipeline\Pipeline->Illuminate\Pipeline\{closure}(Object(Illuminate\Http\Request))
#56 C:\Dhaval\Web Development\Git\voting\vendor\laravel\framework\src\Illuminate\Foundation\Http\Kernel.php(175): Illuminate\Pipeline\Pipeline->then(Object(Closure))
#57 C:\Dhaval\Web Development\Git\voting\vendor\laravel\framework\src\Illuminate\Foundation\Http\Kernel.php(144): Illuminate\Foundation\Http\Kernel->sendRequestThroughRouter(Object(Illuminate\Http\Request))
#58 C:\Dhaval\Web Development\Git\voting\public\index.php(51): Illuminate\Foundation\Http\Kernel->handle(Object(Illuminate\Http\Request))
#59 C:\Dhaval\Web Development\Git\voting\vendor\laravel\framework\src\Illuminate\Foundation\resources\server.php(16): require_once('C:\\Dhaval\\Web D...')
#60 {main}  
[2025-12-31 21:31:49] local.ERROR: PDOException: SQLSTATE[42000]: Syntax error or access violation: 1055 'indiaevoting.members.resolution_id' isn't in GROUP BY in C:\Dhaval\Web Development\Git\voting\vendor\laravel\framework\src\Illuminate\Database\Connection.php:421
Stack trace:
#0 C:\Dhaval\Web Development\Git\voting\vendor\laravel\framework\src\Illuminate\Database\Connection.php(421): PDOStatement->execute()
#1 C:\Dhaval\Web Development\Git\voting\vendor\laravel\framework\src\Illuminate\Database\Connection.php(809): Illuminate\Database\Connection->Illuminate\Database\{closure}('select `members...', Array)
#2 C:\Dhaval\Web Development\Git\voting\vendor\laravel\framework\src\Illuminate\Database\Connection.php(776): Illuminate\Database\Connection->runQueryCallback('select `members...', Array, Object(Closure))
#3 C:\Dhaval\Web Development\Git\voting\vendor\laravel\framework\src\Illuminate\Database\Connection.php(407): Illuminate\Database\Connection->run('select `members...', Array, Object(Closure))
#4 C:\Dhaval\Web Development\Git\voting\vendor\laravel\framework\src\Illuminate\Database\Query\Builder.php(2751): Illuminate\Database\Connection->select('select `members...', Array, true)
#5 C:\Dhaval\Web Development\Git\voting\vendor\laravel\framework\src\Illuminate\Database\Query\Builder.php(2740): Illuminate\Database\Query\Builder->runSelect()
#6 C:\Dhaval\Web Development\Git\voting\vendor\laravel\framework\src\Illuminate\Database\Query\Builder.php(3294): Illuminate\Database\Query\Builder->Illuminate\Database\Query\{closure}()
#7 C:\Dhaval\Web Development\Git\voting\vendor\laravel\framework\src\Illuminate\Database\Query\Builder.php(2739): Illuminate\Database\Query\Builder->onceWithColumns(Array, Object(Closure))
#8 C:\Dhaval\Web Development\Git\voting\vendor\laravel\framework\src\Illuminate\Database\Eloquent\Builder.php(737): Illuminate\Database\Query\Builder->get(Array)
#9 C:\Dhaval\Web Development\Git\voting\vendor\laravel\framework\src\Illuminate\Database\Eloquent\Builder.php(721): Illuminate\Database\Eloquent\Builder->getModels(Array)
#10 C:\Dhaval\Web Development\Git\voting\vendor\yajra\laravel-datatables-oracle\src\QueryDataTable.php(175): Illuminate\Database\Eloquent\Builder->get()
#11 C:\Dhaval\Web Development\Git\voting\vendor\yajra\laravel-datatables-oracle\src\QueryDataTable.php(158): Yajra\DataTables\QueryDataTable->results()
#12 C:\Dhaval\Web Development\Git\voting\app\Http\Controllers\VoteController.php(103): Yajra\DataTables\QueryDataTable->make(true)
#13 C:\Dhaval\Web Development\Git\voting\vendor\laravel\framework\src\Illuminate\Routing\Controller.php(54): App\Http\Controllers\VoteController->list(Object(Illuminate\Http\Request))
#14 C:\Dhaval\Web Development\Git\voting\vendor\laravel\framework\src\Illuminate\Routing\ControllerDispatcher.php(43): Illuminate\Routing\Controller->callAction('list', Array)
#15 C:\Dhaval\Web Development\Git\voting\vendor\laravel\framework\src\Illuminate\Routing\Route.php(259): Illuminate\Routing\ControllerDispatcher->dispatch(Object(Illuminate\Routing\Route), Object(App\Http\Controllers\VoteController), 'list')
#16 C:\Dhaval\Web Development\Git\voting\vendor\laravel\framework\src\Illuminate\Routing\Route.php(205): Illuminate\Routing\Route->runController()
#17 C:\Dhaval\Web Development\Git\voting\vendor\laravel\framework\src\Illuminate\Routing\Router.php(806): Illuminate\Routing\Route->run()
#18 C:\Dhaval\Web Development\Git\voting\vendor\laravel\framework\src\Illuminate\Pipeline\Pipeline.php(144): Illuminate\Routing\Router->Illuminate\Routing\{closure}(Object(Illuminate\Http\Request))
#19 C:\Dhaval\Web Development\Git\voting\app\Http\Middleware\UserStatus.php(21): Illuminate\Pipeline\Pipeline->Illuminate\Pipeline\{closure}(Object(Illuminate\Http\Request))
#20 C:\Dhaval\Web Development\Git\voting\vendor\laravel\framework\src\Illuminate\Pipeline\Pipeline.php(183): App\Http\Middleware\UserStatus->handle(Object(Illuminate\Http\Request), Object(Closure))
#21 C:\Dhaval\Web Development\Git\voting\vendor\laravel\framework\src\Illuminate\Routing\Middleware\SubstituteBindings.php(50): Illuminate\Pipeline\Pipeline->Illuminate\Pipeline\{closure}(Object(Illuminate\Http\Request))
#22 C:\Dhaval\Web Development\Git\voting\vendor\laravel\framework\src\Illuminate\Pipeline\Pipeline.php(183): Illuminate\Routing\Middleware\SubstituteBindings->handle(Object(Illuminate\Http\Request), Object(Closure))
#23 C:\Dhaval\Web Development\Git\voting\vendor\laravel\framework\src\Illuminate\Auth\Middleware\Authenticate.php(57): Illuminate\Pipeline\Pipeline->Illuminate\Pipeline\{closure}(Object(Illuminate\Http\Request))
#24 C:\Dhaval\Web Development\Git\voting\vendor\laravel\framework\src\Illuminate\Pipeline\Pipeline.php(183): Illuminate\Auth\Middleware\Authenticate->handle(Object(Illuminate\Http\Request), Object(Closure))
#25 C:\Dhaval\Web Development\Git\voting\vendor\laravel\framework\src\Illuminate\Foundation\Http\Middleware\VerifyCsrfToken.php(78): Illuminate\Pipeline\Pipeline->Illuminate\Pipeline\{closure}(Object(Illuminate\Http\Request))
#26 C:\Dhaval\Web Development\Git\voting\vendor\laravel\framework\src\Illuminate\Pipeline\Pipeline.php(183): Illuminate\Foundation\Http\Middleware\VerifyCsrfToken->handle(Object(Illuminate\Http\Request), Object(Closure))
#27 C:\Dhaval\Web Development\Git\voting\vendor\laravel\framework\src\Illuminate\View\Middleware\ShareErrorsFromSession.php(49): Illuminate\Pipeline\Pipeline->Illuminate\Pipeline\{closure}(Object(Illuminate\Http\Request))
#28 C:\Dhaval\Web Development\Git\voting\vendor\laravel\framework\src\Illuminate\Pipeline\Pipeline.php(183): Illuminate\View\Middleware\ShareErrorsFromSession->handle(Object(Illuminate\Http\Request), Object(Closure))
#29 C:\Dhaval\Web Development\Git\voting\vendor\laravel\framework\src\Illuminate\Session\Middleware\StartSession.php(121): Illuminate\Pipeline\Pipeline->Illuminate\Pipeline\{closure}(Object(Illuminate\Http\Request))
#30 C:\Dhaval\Web Development\Git\voting\vendor\laravel\framework\src\Illuminate\Session\Middleware\StartSession.php(64): Illuminate\Session\Middleware\StartSession->handleStatefulRequest(Object(Illuminate\Http\Request), Object(Illuminate\Session\Store), Object(Closure))
#31 C:\Dhaval\Web Development\Git\voting\vendor\laravel\framework\src\Illuminate\Pipeline\Pipeline.php(183): Illuminate\Session\Middleware\StartSession->handle(Object(Illuminate\Http\Request), Object(Closure))
#32 C:\Dhaval\Web Development\Git\voting\vendor\laravel\framework\src\Illuminate\Cookie\Middleware\AddQueuedCookiesToResponse.php(37): Illuminate\Pipeline\Pipeline->Illuminate\Pipeline\{closure}(Object(Illuminate\Http\Request))
#33 C:\Dhaval\Web Development\Git\voting\vendor\laravel\framework\src\Illuminate\Pipeline\Pipeline.php(183): Illuminate\Cookie\Middleware\AddQueuedCookiesToResponse->handle(Object(Illuminate\Http\Request), Object(Closure))
#34 C:\Dhaval\Web Development\Git\voting\vendor\laravel\framework\src\Illuminate\Cookie\Middleware\EncryptCookies.php(67): Illuminate\Pipeline\Pipeline->Illuminate\Pipeline\{closure}(Object(Illuminate\Http\Request))
#35 C:\Dhaval\Web Development\Git\voting\vendor\laravel\framework\src\Illuminate\Pipeline\Pipeline.php(183): Illuminate\Cookie\Middleware\EncryptCookies->handle(Object(Illuminate\Http\Request), Object(Closure))
#36 C:\Dhaval\Web Development\Git\voting\vendor\laravel\framework\src\Illuminate\Pipeline\Pipeline.php(119): Illuminate\Pipeline\Pipeline->Illuminate\Pipeline\{closure}(Object(Illuminate\Http\Request))
#37 C:\Dhaval\Web Development\Git\voting\vendor\laravel\framework\src\Illuminate\Routing\Router.php(805): Illuminate\Pipeline\Pipeline->then(Object(Closure))
#38 C:\Dhaval\Web Development\Git\voting\vendor\laravel\framework\src\Illuminate\Routing\Router.php(784): Illuminate\Routing\Router->runRouteWithinStack(Object(Illuminate\Routing\Route), Object(Illuminate\Http\Request))
#39 C:\Dhaval\Web Development\Git\voting\vendor\laravel\framework\src\Illuminate\Routing\Router.php(748): Illuminate\Routing\Router->runRoute(Object(Illuminate\Http\Request), Object(Illuminate\Routing\Route))
#40 C:\Dhaval\Web Development\Git\voting\vendor\laravel\framework\src\Illuminate\Routing\Router.php(737): Illuminate\Routing\Router->dispatchToRoute(Object(Illuminate\Http\Request))
#41 C:\Dhaval\Web Development\Git\voting\vendor\laravel\framework\src\Illuminate\Foundation\Http\Kernel.php(200): Illuminate\Routing\Router->dispatch(Object(Illuminate\Http\Request))
#42 C:\Dhaval\Web Development\Git\voting\vendor\laravel\framework\src\Illuminate\Pipeline\Pipeline.php(144): Illuminate\Foundation\Http\Kernel->Illuminate\Foundation\Http\{closure}(Object(Illuminate\Http\Request))
#43 C:\Dhaval\Web Development\Git\voting\vendor\laravel\framework\src\Illuminate\Foundation\Http\Middleware\TransformsRequest.php(21): Illuminate\Pipeline\Pipeline->Illuminate\Pipeline\{closure}(Object(Illuminate\Http\Request))
#44 C:\Dhaval\Web Development\Git\voting\vendor\laravel\framework\src\Illuminate\Foundation\Http\Middleware\ConvertEmptyStringsToNull.php(31): Illuminate\Foundation\Http\Middleware\TransformsRequest->handle(Object(Illuminate\Http\Request), Object(Closure))
#45 C:\Dhaval\Web Development\Git\voting\vendor\laravel\framework\src\Illuminate\Pipeline\Pipeline.php(183): Illuminate\Foundation\Http\Middleware\ConvertEmptyStringsToNull->handle(Object(Illuminate\Http\Request), Object(Closure))
#46 C:\Dhaval\Web Development\Git\voting\vendor\laravel\framework\src\Illuminate\Foundation\Http\Middleware\TransformsRequest.php(21): Illuminate\Pipeline\Pipeline->Illuminate\Pipeline\{closure}(Object(Illuminate\Http\Request))
#47 C:\Dhaval\Web Development\Git\voting\vendor\laravel\framework\src\Illuminate\Foundation\Http\Middleware\TrimStrings.php(40): Illuminate\Foundation\Http\Middleware\TransformsRequest->handle(Object(Illuminate\Http\Request), Object(Closure))
#48 C:\Dhaval\Web Development\Git\voting\vendor\laravel\framework\src\Illuminate\Pipeline\Pipeline.php(183): Illuminate\Foundation\Http\Middleware\TrimStrings->handle(Object(Illuminate\Http\Request), Object(Closure))
#49 C:\Dhaval\Web Development\Git\voting\vendor\laravel\framework\src\Illuminate\Foundation\Http\Middleware\ValidatePostSize.php(27): Illuminate\Pipeline\Pipeline->Illuminate\Pipeline\{closure}(Object(Illuminate\Http\Request))
#50 C:\Dhaval\Web Development\Git\voting\vendor\laravel\framework\src\Illuminate\Pipeline\Pipeline.php(183): Illuminate\Foundation\Http\Middleware\ValidatePostSize->handle(Object(Illuminate\Http\Request), Object(Closure))
#51 C:\Dhaval\Web Development\Git\voting\vendor\laravel\framework\src\Illuminate\Foundation\Http\Middleware\PreventRequestsDuringMaintenance.php(99): Illuminate\Pipeline\Pipeline->Illuminate\Pipeline\{closure}(Object(Illuminate\Http\Request))
#52 C:\Dhaval\Web Development\Git\voting\vendor\laravel\framework\src\Illuminate\Pipeline\Pipeline.php(183): Illuminate\Foundation\Http\Middleware\PreventRequestsDuringMaintenance->handle(Object(Illuminate\Http\Request), Object(Closure))
#53 C:\Dhaval\Web Development\Git\voting\vendor\laravel\framework\src\Illuminate\Http\Middleware\HandleCors.php(49): Illuminate\Pipeline\Pipeline->Illuminate\Pipeline\{closure}(Object(Illuminate\Http\Request))
#54 C:\Dhaval\Web Development\Git\voting\vendor\laravel\framework\src\Illuminate\Pipeline\Pipeline.php(183): Illuminate\Http\Middleware\HandleCors->handle(Object(Illuminate\Http\Request), Object(Closure))
#55 C:\Dhaval\Web Development\Git\voting\vendor\laravel\framework\src\Illuminate\Http\Middleware\TrustProxies.php(39): Illuminate\Pipeline\Pipeline->Illuminate\Pipeline\{closure}(Object(Illuminate\Http\Request))
#56 C:\Dhaval\Web Development\Git\voting\vendor\laravel\framework\src\Illuminate\Pipeline\Pipeline.php(183): Illuminate\Http\Middleware\TrustProxies->handle(Object(Illuminate\Http\Request), Object(Closure))
#57 C:\Dhaval\Web Development\Git\voting\vendor\laravel\framework\src\Illuminate\Pipeline\Pipeline.php(119): Illuminate\Pipeline\Pipeline->Illuminate\Pipeline\{closure}(Object(Illuminate\Http\Request))
#58 C:\Dhaval\Web Development\Git\voting\vendor\laravel\framework\src\Illuminate\Foundation\Http\Kernel.php(175): Illuminate\Pipeline\Pipeline->then(Object(Closure))
#59 C:\Dhaval\Web Development\Git\voting\vendor\laravel\framework\src\Illuminate\Foundation\Http\Kernel.php(144): Illuminate\Foundation\Http\Kernel->sendRequestThroughRouter(Object(Illuminate\Http\Request))
#60 C:\Dhaval\Web Development\Git\voting\public\index.php(51): Illuminate\Foundation\Http\Kernel->handle(Object(Illuminate\Http\Request))
#61 C:\Dhaval\Web Development\Git\voting\vendor\laravel\framework\src\Illuminate\Foundation\resources\server.php(16): require_once('C:\\Dhaval\\Web D...')
#62 {main}

Next Illuminate\Database\QueryException: SQLSTATE[42000]: Syntax error or access violation: 1055 'indiaevoting.members.resolution_id' isn't in GROUP BY (Connection: mysql, SQL: select `members`.* from `members` left join `votes` on `members`.`id` = `votes`.`member_id` and `votes`.`resolution_id` = 2 left join `optinon_votings` on `members`.`id` = `optinon_votings`.`member_id` and `optinon_votings`.`resolution_id` = 2 where `members`.`resolution_id` = 2 and `members`.`deleted_at` is null group by `members`.`id` order by CASE WHEN votes.id IS NOT NULL OR optinon_votings.id IS NOT NULL THEN 0 ELSE 1 END asc limit 10 offset 0) in C:\Dhaval\Web Development\Git\voting\vendor\laravel\framework\src\Illuminate\Database\Connection.php:822
Stack trace:
#0 C:\Dhaval\Web Development\Git\voting\vendor\laravel\framework\src\Illuminate\Database\Connection.php(776): Illuminate\Database\Connection->runQueryCallback('select `members...', Array, Object(Closure))
#1 C:\Dhaval\Web Development\Git\voting\vendor\laravel\framework\src\Illuminate\Database\Connection.php(407): Illuminate\Database\Connection->run('select `members...', Array, Object(Closure))
#2 C:\Dhaval\Web Development\Git\voting\vendor\laravel\framework\src\Illuminate\Database\Query\Builder.php(2751): Illuminate\Database\Connection->select('select `members...', Array, true)
#3 C:\Dhaval\Web Development\Git\voting\vendor\laravel\framework\src\Illuminate\Database\Query\Builder.php(2740): Illuminate\Database\Query\Builder->runSelect()
#4 C:\Dhaval\Web Development\Git\voting\vendor\laravel\framework\src\Illuminate\Database\Query\Builder.php(3294): Illuminate\Database\Query\Builder->Illuminate\Database\Query\{closure}()
#5 C:\Dhaval\Web Development\Git\voting\vendor\laravel\framework\src\Illuminate\Database\Query\Builder.php(2739): Illuminate\Database\Query\Builder->onceWithColumns(Array, Object(Closure))
#6 C:\Dhaval\Web Development\Git\voting\vendor\laravel\framework\src\Illuminate\Database\Eloquent\Builder.php(737): Illuminate\Database\Query\Builder->get(Array)
#7 C:\Dhaval\Web Development\Git\voting\vendor\laravel\framework\src\Illuminate\Database\Eloquent\Builder.php(721): Illuminate\Database\Eloquent\Builder->getModels(Array)
#8 C:\Dhaval\Web Development\Git\voting\vendor\yajra\laravel-datatables-oracle\src\QueryDataTable.php(175): Illuminate\Database\Eloquent\Builder->get()
#9 C:\Dhaval\Web Development\Git\voting\vendor\yajra\laravel-datatables-oracle\src\QueryDataTable.php(158): Yajra\DataTables\QueryDataTable->results()
#10 C:\Dhaval\Web Development\Git\voting\app\Http\Controllers\VoteController.php(103): Yajra\DataTables\QueryDataTable->make(true)
#11 C:\Dhaval\Web Development\Git\voting\vendor\laravel\framework\src\Illuminate\Routing\Controller.php(54): App\Http\Controllers\VoteController->list(Object(Illuminate\Http\Request))
#12 C:\Dhaval\Web Development\Git\voting\vendor\laravel\framework\src\Illuminate\Routing\ControllerDispatcher.php(43): Illuminate\Routing\Controller->callAction('list', Array)
#13 C:\Dhaval\Web Development\Git\voting\vendor\laravel\framework\src\Illuminate\Routing\Route.php(259): Illuminate\Routing\ControllerDispatcher->dispatch(Object(Illuminate\Routing\Route), Object(App\Http\Controllers\VoteController), 'list')
#14 C:\Dhaval\Web Development\Git\voting\vendor\laravel\framework\src\Illuminate\Routing\Route.php(205): Illuminate\Routing\Route->runController()
#15 C:\Dhaval\Web Development\Git\voting\vendor\laravel\framework\src\Illuminate\Routing\Router.php(806): Illuminate\Routing\Route->run()
#16 C:\Dhaval\Web Development\Git\voting\vendor\laravel\framework\src\Illuminate\Pipeline\Pipeline.php(144): Illuminate\Routing\Router->Illuminate\Routing\{closure}(Object(Illuminate\Http\Request))
#17 C:\Dhaval\Web Development\Git\voting\app\Http\Middleware\UserStatus.php(21): Illuminate\Pipeline\Pipeline->Illuminate\Pipeline\{closure}(Object(Illuminate\Http\Request))
#18 C:\Dhaval\Web Development\Git\voting\vendor\laravel\framework\src\Illuminate\Pipeline\Pipeline.php(183): App\Http\Middleware\UserStatus->handle(Object(Illuminate\Http\Request), Object(Closure))
#19 C:\Dhaval\Web Development\Git\voting\vendor\laravel\framework\src\Illuminate\Routing\Middleware\SubstituteBindings.php(50): Illuminate\Pipeline\Pipeline->Illuminate\Pipeline\{closure}(Object(Illuminate\Http\Request))
#20 C:\Dhaval\Web Development\Git\voting\vendor\laravel\framework\src\Illuminate\Pipeline\Pipeline.php(183): Illuminate\Routing\Middleware\SubstituteBindings->handle(Object(Illuminate\Http\Request), Object(Closure))
#21 C:\Dhaval\Web Development\Git\voting\vendor\laravel\framework\src\Illuminate\Auth\Middleware\Authenticate.php(57): Illuminate\Pipeline\Pipeline->Illuminate\Pipeline\{closure}(Object(Illuminate\Http\Request))
#22 C:\Dhaval\Web Development\Git\voting\vendor\laravel\framework\src\Illuminate\Pipeline\Pipeline.php(183): Illuminate\Auth\Middleware\Authenticate->handle(Object(Illuminate\Http\Request), Object(Closure))
#23 C:\Dhaval\Web Development\Git\voting\vendor\laravel\framework\src\Illuminate\Foundation\Http\Middleware\VerifyCsrfToken.php(78): Illuminate\Pipeline\Pipeline->Illuminate\Pipeline\{closure}(Object(Illuminate\Http\Request))
#24 C:\Dhaval\Web Development\Git\voting\vendor\laravel\framework\src\Illuminate\Pipeline\Pipeline.php(183): Illuminate\Foundation\Http\Middleware\VerifyCsrfToken->handle(Object(Illuminate\Http\Request), Object(Closure))
#25 C:\Dhaval\Web Development\Git\voting\vendor\laravel\framework\src\Illuminate\View\Middleware\ShareErrorsFromSession.php(49): Illuminate\Pipeline\Pipeline->Illuminate\Pipeline\{closure}(Object(Illuminate\Http\Request))
#26 C:\Dhaval\Web Development\Git\voting\vendor\laravel\framework\src\Illuminate\Pipeline\Pipeline.php(183): Illuminate\View\Middleware\ShareErrorsFromSession->handle(Object(Illuminate\Http\Request), Object(Closure))
#27 C:\Dhaval\Web Development\Git\voting\vendor\laravel\framework\src\Illuminate\Session\Middleware\StartSession.php(121): Illuminate\Pipeline\Pipeline->Illuminate\Pipeline\{closure}(Object(Illuminate\Http\Request))
#28 C:\Dhaval\Web Development\Git\voting\vendor\laravel\framework\src\Illuminate\Session\Middleware\StartSession.php(64): Illuminate\Session\Middleware\StartSession->handleStatefulRequest(Object(Illuminate\Http\Request), Object(Illuminate\Session\Store), Object(Closure))
#29 C:\Dhaval\Web Development\Git\voting\vendor\laravel\framework\src\Illuminate\Pipeline\Pipeline.php(183): Illuminate\Session\Middleware\StartSession->handle(Object(Illuminate\Http\Request), Object(Closure))
#30 C:\Dhaval\Web Development\Git\voting\vendor\laravel\framework\src\Illuminate\Cookie\Middleware\AddQueuedCookiesToResponse.php(37): Illuminate\Pipeline\Pipeline->Illuminate\Pipeline\{closure}(Object(Illuminate\Http\Request))
#31 C:\Dhaval\Web Development\Git\voting\vendor\laravel\framework\src\Illuminate\Pipeline\Pipeline.php(183): Illuminate\Cookie\Middleware\AddQueuedCookiesToResponse->handle(Object(Illuminate\Http\Request), Object(Closure))
#32 C:\Dhaval\Web Development\Git\voting\vendor\laravel\framework\src\Illuminate\Cookie\Middleware\EncryptCookies.php(67): Illuminate\Pipeline\Pipeline->Illuminate\Pipeline\{closure}(Object(Illuminate\Http\Request))
#33 C:\Dhaval\Web Development\Git\voting\vendor\laravel\framework\src\Illuminate\Pipeline\Pipeline.php(183): Illuminate\Cookie\Middleware\EncryptCookies->handle(Object(Illuminate\Http\Request), Object(Closure))
#34 C:\Dhaval\Web Development\Git\voting\vendor\laravel\framework\src\Illuminate\Pipeline\Pipeline.php(119): Illuminate\Pipeline\Pipeline->Illuminate\Pipeline\{closure}(Object(Illuminate\Http\Request))
#35 C:\Dhaval\Web Development\Git\voting\vendor\laravel\framework\src\Illuminate\Routing\Router.php(805): Illuminate\Pipeline\Pipeline->then(Object(Closure))
#36 C:\Dhaval\Web Development\Git\voting\vendor\laravel\framework\src\Illuminate\Routing\Router.php(784): Illuminate\Routing\Router->runRouteWithinStack(Object(Illuminate\Routing\Route), Object(Illuminate\Http\Request))
#37 C:\Dhaval\Web Development\Git\voting\vendor\laravel\framework\src\Illuminate\Routing\Router.php(748): Illuminate\Routing\Router->runRoute(Object(Illuminate\Http\Request), Object(Illuminate\Routing\Route))
#38 C:\Dhaval\Web Development\Git\voting\vendor\laravel\framework\src\Illuminate\Routing\Router.php(737): Illuminate\Routing\Router->dispatchToRoute(Object(Illuminate\Http\Request))
#39 C:\Dhaval\Web Development\Git\voting\vendor\laravel\framework\src\Illuminate\Foundation\Http\Kernel.php(200): Illuminate\Routing\Router->dispatch(Object(Illuminate\Http\Request))
#40 C:\Dhaval\Web Development\Git\voting\vendor\laravel\framework\src\Illuminate\Pipeline\Pipeline.php(144): Illuminate\Foundation\Http\Kernel->Illuminate\Foundation\Http\{closure}(Object(Illuminate\Http\Request))
#41 C:\Dhaval\Web Development\Git\voting\vendor\laravel\framework\src\Illuminate\Foundation\Http\Middleware\TransformsRequest.php(21): Illuminate\Pipeline\Pipeline->Illuminate\Pipeline\{closure}(Object(Illuminate\Http\Request))
#42 C:\Dhaval\Web Development\Git\voting\vendor\laravel\framework\src\Illuminate\Foundation\Http\Middleware\ConvertEmptyStringsToNull.php(31): Illuminate\Foundation\Http\Middleware\TransformsRequest->handle(Object(Illuminate\Http\Request), Object(Closure))
#43 C:\Dhaval\Web Development\Git\voting\vendor\laravel\framework\src\Illuminate\Pipeline\Pipeline.php(183): Illuminate\Foundation\Http\Middleware\ConvertEmptyStringsToNull->handle(Object(Illuminate\Http\Request), Object(Closure))
#44 C:\Dhaval\Web Development\Git\voting\vendor\laravel\framework\src\Illuminate\Foundation\Http\Middleware\TransformsRequest.php(21): Illuminate\Pipeline\Pipeline->Illuminate\Pipeline\{closure}(Object(Illuminate\Http\Request))
#45 C:\Dhaval\Web Development\Git\voting\vendor\laravel\framework\src\Illuminate\Foundation\Http\Middleware\TrimStrings.php(40): Illuminate\Foundation\Http\Middleware\TransformsRequest->handle(Object(Illuminate\Http\Request), Object(Closure))
#46 C:\Dhaval\Web Development\Git\voting\vendor\laravel\framework\src\Illuminate\Pipeline\Pipeline.php(183): Illuminate\Foundation\Http\Middleware\TrimStrings->handle(Object(Illuminate\Http\Request), Object(Closure))
#47 C:\Dhaval\Web Development\Git\voting\vendor\laravel\framework\src\Illuminate\Foundation\Http\Middleware\ValidatePostSize.php(27): Illuminate\Pipeline\Pipeline->Illuminate\Pipeline\{closure}(Object(Illuminate\Http\Request))
#48 C:\Dhaval\Web Development\Git\voting\vendor\laravel\framework\src\Illuminate\Pipeline\Pipeline.php(183): Illuminate\Foundation\Http\Middleware\ValidatePostSize->handle(Object(Illuminate\Http\Request), Object(Closure))
#49 C:\Dhaval\Web Development\Git\voting\vendor\laravel\framework\src\Illuminate\Foundation\Http\Middleware\PreventRequestsDuringMaintenance.php(99): Illuminate\Pipeline\Pipeline->Illuminate\Pipeline\{closure}(Object(Illuminate\Http\Request))
#50 C:\Dhaval\Web Development\Git\voting\vendor\laravel\framework\src\Illuminate\Pipeline\Pipeline.php(183): Illuminate\Foundation\Http\Middleware\PreventRequestsDuringMaintenance->handle(Object(Illuminate\Http\Request), Object(Closure))
#51 C:\Dhaval\Web Development\Git\voting\vendor\laravel\framework\src\Illuminate\Http\Middleware\HandleCors.php(49): Illuminate\Pipeline\Pipeline->Illuminate\Pipeline\{closure}(Object(Illuminate\Http\Request))
#52 C:\Dhaval\Web Development\Git\voting\vendor\laravel\framework\src\Illuminate\Pipeline\Pipeline.php(183): Illuminate\Http\Middleware\HandleCors->handle(Object(Illuminate\Http\Request), Object(Closure))
#53 C:\Dhaval\Web Development\Git\voting\vendor\laravel\framework\src\Illuminate\Http\Middleware\TrustProxies.php(39): Illuminate\Pipeline\Pipeline->Illuminate\Pipeline\{closure}(Object(Illuminate\Http\Request))
#54 C:\Dhaval\Web Development\Git\voting\vendor\laravel\framework\src\Illuminate\Pipeline\Pipeline.php(183): Illuminate\Http\Middleware\TrustProxies->handle(Object(Illuminate\Http\Request), Object(Closure))
#55 C:\Dhaval\Web Development\Git\voting\vendor\laravel\framework\src\Illuminate\Pipeline\Pipeline.php(119): Illuminate\Pipeline\Pipeline->Illuminate\Pipeline\{closure}(Object(Illuminate\Http\Request))
#56 C:\Dhaval\Web Development\Git\voting\vendor\laravel\framework\src\Illuminate\Foundation\Http\Kernel.php(175): Illuminate\Pipeline\Pipeline->then(Object(Closure))
#57 C:\Dhaval\Web Development\Git\voting\vendor\laravel\framework\src\Illuminate\Foundation\Http\Kernel.php(144): Illuminate\Foundation\Http\Kernel->sendRequestThroughRouter(Object(Illuminate\Http\Request))
#58 C:\Dhaval\Web Development\Git\voting\public\index.php(51): Illuminate\Foundation\Http\Kernel->handle(Object(Illuminate\Http\Request))
#59 C:\Dhaval\Web Development\Git\voting\vendor\laravel\framework\src\Illuminate\Foundation\resources\server.php(16): require_once('C:\\Dhaval\\Web D...')
#60 {main}  
[2026-01-03 11:17:13] local.ERROR: Failed to set MySQL timeout settings: SQLSTATE[HY000] [2002] No connection could be made because the target machine actively refused it  
[2026-01-03 11:17:13] local.ERROR: Failed to set MySQL timeout settings: SQLSTATE[HY000] [2002] No connection could be made because the target machine actively refused it  
[2026-01-03 11:17:13] local.ERROR: Failed to set MySQL timeout settings: SQLSTATE[HY000] [2002] No connection could be made because the target machine actively refused it  
[2026-01-03 11:17:13] local.ERROR: Failed to set MySQL timeout settings: SQLSTATE[HY000] [2002] No connection could be made because the target machine actively refused it  
[2026-01-03 11:17:13] local.ERROR: Failed to set MySQL timeout settings: SQLSTATE[HY000] [2002] No connection could be made because the target machine actively refused it  
[2026-01-03 11:17:13] local.ERROR: Failed to set MySQL timeout settings: SQLSTATE[HY000] [2002] No connection could be made because the target machine actively refused it  
[2026-01-03 11:17:13] local.ERROR: Failed to set MySQL timeout settings: SQLSTATE[HY000] [2002] No connection could be made because the target machine actively refused it  
[2026-01-03 11:17:14] local.ERROR: Failed to set MySQL timeout settings: SQLSTATE[HY000] [2002] No connection could be made because the target machine actively refused it  
[2026-01-03 11:17:16] local.ERROR: Failed to set MySQL timeout settings: SQLSTATE[HY000] [2006] MySQL server has gone away  
[2026-01-03 11:17:18] local.ERROR: Failed to set MySQL timeout settings: SQLSTATE[HY000] [2002] No connection could be made because the target machine actively refused it  
[2026-01-03 11:17:25] local.ERROR: Failed to set MySQL timeout settings: SQLSTATE[HY000] [2002] No connection could be made because the target machine actively refused it  
[2026-01-03 11:17:30] local.ERROR: Failed to set MySQL timeout settings: SQLSTATE[HY000] [2002] No connection could be made because the target machine actively refused it  
[2026-01-03 11:17:35] local.ERROR: Failed to set MySQL timeout settings: SQLSTATE[HY000] [2002] No connection could be made because the target machine actively refused it  
[2026-01-03 11:18:13] local.ERROR: Failed to set MySQL timeout settings: SQLSTATE[HY000] [2002] No connection could be made because the target machine actively refused it  
[2026-01-03 11:18:13] local.ERROR: Failed to set MySQL timeout settings: SQLSTATE[HY000] [2002] No connection could be made because the target machine actively refused it  
[2026-01-03 11:19:12] local.ERROR: Failed to set MySQL timeout settings: SQLSTATE[HY000] [2002] No connection could be made because the target machine actively refused it  
[2026-01-03 11:19:13] local.ERROR: Failed to set MySQL timeout settings: SQLSTATE[HY000] [2002] No connection could be made because the target machine actively refused it  
[2026-01-03 11:19:13] local.ERROR: Failed to set MySQL timeout settings: SQLSTATE[HY000] [2002] No connection could be made because the target machine actively refused it  
[2026-01-03 11:19:27] local.ERROR: Failed to set MySQL timeout settings: SQLSTATE[HY000] [2002] No connection could be made because the target machine actively refused it  
[2026-01-03 11:19:35] local.ERROR: SQLSTATE[HY000] [2002] No connection could be made because the target machine actively refused it (Connection: mysql, SQL: select * from `users` where `email` = admin@gmail.com limit 1) {"exception":"[object] (Illuminate\\Database\\QueryException(code: 2002): SQLSTATE[HY000] [2002] No connection could be made because the target machine actively refused it (Connection: mysql, SQL: select * from `users` where `email` = admin@gmail.com limit 1) at C:\\Dhaval\\Web Development\\Git\\voting\\vendor\\laravel\\framework\\src\\Illuminate\\Database\\Connection.php:822)
[stacktrace]
#0 C:\\Dhaval\\Web Development\\Git\\voting\\vendor\\laravel\\framework\\src\\Illuminate\\Database\\Connection.php(976): Illuminate\\Database\\Connection->runQueryCallback('select * from `...', Array, Object(Closure))
#1 C:\\Dhaval\\Web Development\\Git\\voting\\vendor\\laravel\\framework\\src\\Illuminate\\Database\\Connection.php(955): Illuminate\\Database\\Connection->tryAgainIfCausedByLostConnection(Object(Illuminate\\Database\\QueryException), 'select * from `...', Array, Object(Closure))
#2 C:\\Dhaval\\Web Development\\Git\\voting\\vendor\\laravel\\framework\\src\\Illuminate\\Database\\Connection.php(778): Illuminate\\Database\\Connection->handleQueryException(Object(Illuminate\\Database\\QueryException), 'select * from `...', Array, Object(Closure))
#3 C:\\Dhaval\\Web Development\\Git\\voting\\vendor\\laravel\\framework\\src\\Illuminate\\Database\\Connection.php(407): Illuminate\\Database\\Connection->run('select * from `...', Array, Object(Closure))
#4 C:\\Dhaval\\Web Development\\Git\\voting\\vendor\\laravel\\framework\\src\\Illuminate\\Database\\Query\\Builder.php(2751): Illuminate\\Database\\Connection->select('select * from `...', Array, true)
#5 C:\\Dhaval\\Web Development\\Git\\voting\\vendor\\laravel\\framework\\src\\Illuminate\\Database\\Query\\Builder.php(2740): Illuminate\\Database\\Query\\Builder->runSelect()
#6 C:\\Dhaval\\Web Development\\Git\\voting\\vendor\\laravel\\framework\\src\\Illuminate\\Database\\Query\\Builder.php(3294): Illuminate\\Database\\Query\\Builder->Illuminate\\Database\\Query\\{closure}()
#7 C:\\Dhaval\\Web Development\\Git\\voting\\vendor\\laravel\\framework\\src\\Illuminate\\Database\\Query\\Builder.php(2739): Illuminate\\Database\\Query\\Builder->onceWithColumns(Array, Object(Closure))
#8 C:\\Dhaval\\Web Development\\Git\\voting\\vendor\\laravel\\framework\\src\\Illuminate\\Database\\Eloquent\\Builder.php(737): Illuminate\\Database\\Query\\Builder->get(Array)
#9 C:\\Dhaval\\Web Development\\Git\\voting\\vendor\\laravel\\framework\\src\\Illuminate\\Database\\Eloquent\\Builder.php(721): Illuminate\\Database\\Eloquent\\Builder->getModels(Array)
#10 C:\\Dhaval\\Web Development\\Git\\voting\\vendor\\laravel\\framework\\src\\Illuminate\\Database\\Concerns\\BuildsQueries.php(333): Illuminate\\Database\\Eloquent\\Builder->get(Array)
#11 C:\\Dhaval\\Web Development\\Git\\voting\\vendor\\laravel\\framework\\src\\Illuminate\\Auth\\EloquentUserProvider.php(139): Illuminate\\Database\\Eloquent\\Builder->first()
#12 C:\\Dhaval\\Web Development\\Git\\voting\\vendor\\laravel\\framework\\src\\Illuminate\\Auth\\SessionGuard.php(381): Illuminate\\Auth\\EloquentUserProvider->retrieveByCredentials(Array)
#13 C:\\Dhaval\\Web Development\\Git\\voting\\vendor\\laravel\\framework\\src\\Illuminate\\Auth\\AuthManager.php(340): Illuminate\\Auth\\SessionGuard->attempt(Array, false)
#14 C:\\Dhaval\\Web Development\\Git\\voting\\vendor\\laravel\\framework\\src\\Illuminate\\Support\\Facades\\Facade.php(355): Illuminate\\Auth\\AuthManager->__call('attempt', Array)
#15 C:\\Dhaval\\Web Development\\Git\\voting\\app\\Http\\Controllers\\Auth\\LoginController.php(75): Illuminate\\Support\\Facades\\Facade::__callStatic('attempt', Array)
#16 C:\\Dhaval\\Web Development\\Git\\voting\\app\\Http\\Controllers\\Auth\\LoginController.php(54): App\\Http\\Controllers\\Auth\\LoginController->attemptLogin(Object(Illuminate\\Http\\Request))
#17 C:\\Dhaval\\Web Development\\Git\\voting\\vendor\\laravel\\framework\\src\\Illuminate\\Routing\\Controller.php(54): App\\Http\\Controllers\\Auth\\LoginController->login(Object(Illuminate\\Http\\Request))
#18 C:\\Dhaval\\Web Development\\Git\\voting\\vendor\\laravel\\framework\\src\\Illuminate\\Routing\\ControllerDispatcher.php(43): Illuminate\\Routing\\Controller->callAction('login', Array)
#19 C:\\Dhaval\\Web Development\\Git\\voting\\vendor\\laravel\\framework\\src\\Illuminate\\Routing\\Route.php(259): Illuminate\\Routing\\ControllerDispatcher->dispatch(Object(Illuminate\\Routing\\Route), Object(App\\Http\\Controllers\\Auth\\LoginController), 'login')
#20 C:\\Dhaval\\Web Development\\Git\\voting\\vendor\\laravel\\framework\\src\\Illuminate\\Routing\\Route.php(205): Illuminate\\Routing\\Route->runController()
#21 C:\\Dhaval\\Web Development\\Git\\voting\\vendor\\laravel\\framework\\src\\Illuminate\\Routing\\Router.php(806): Illuminate\\Routing\\Route->run()
#22 C:\\Dhaval\\Web Development\\Git\\voting\\vendor\\laravel\\framework\\src\\Illuminate\\Pipeline\\Pipeline.php(144): Illuminate\\Routing\\Router->Illuminate\\Routing\\{closure}(Object(Illuminate\\Http\\Request))
#23 C:\\Dhaval\\Web Development\\Git\\voting\\app\\Http\\Middleware\\RedirectIfAuthenticated.php(28): Illuminate\\Pipeline\\Pipeline->Illuminate\\Pipeline\\{closure}(Object(Illuminate\\Http\\Request))
#24 C:\\Dhaval\\Web Development\\Git\\voting\\vendor\\laravel\\framework\\src\\Illuminate\\Pipeline\\Pipeline.php(183): App\\Http\\Middleware\\RedirectIfAuthenticated->handle(Object(Illuminate\\Http\\Request), Object(Closure))
#25 C:\\Dhaval\\Web Development\\Git\\voting\\vendor\\laravel\\framework\\src\\Illuminate\\Routing\\Middleware\\SubstituteBindings.php(50): Illuminate\\Pipeline\\Pipeline->Illuminate\\Pipeline\\{closure}(Object(Illuminate\\Http\\Request))
#26 C:\\Dhaval\\Web Development\\Git\\voting\\vendor\\laravel\\framework\\src\\Illuminate\\Pipeline\\Pipeline.php(183): Illuminate\\Routing\\Middleware\\SubstituteBindings->handle(Object(Illuminate\\Http\\Request), Object(Closure))
#27 C:\\Dhaval\\Web Development\\Git\\voting\\vendor\\laravel\\framework\\src\\Illuminate\\Foundation\\Http\\Middleware\\VerifyCsrfToken.php(78): Illuminate\\Pipeline\\Pipeline->Illuminate\\Pipeline\\{closure}(Object(Illuminate\\Http\\Request))
#28 C:\\Dhaval\\Web Development\\Git\\voting\\vendor\\laravel\\framework\\src\\Illuminate\\Pipeline\\Pipeline.php(183): Illuminate\\Foundation\\Http\\Middleware\\VerifyCsrfToken->handle(Object(Illuminate\\Http\\Request), Object(Closure))
#29 C:\\Dhaval\\Web Development\\Git\\voting\\vendor\\laravel\\framework\\src\\Illuminate\\View\\Middleware\\ShareErrorsFromSession.php(49): Illuminate\\Pipeline\\Pipeline->Illuminate\\Pipeline\\{closure}(Object(Illuminate\\Http\\Request))
#30 C:\\Dhaval\\Web Development\\Git\\voting\\vendor\\laravel\\framework\\src\\Illuminate\\Pipeline\\Pipeline.php(183): Illuminate\\View\\Middleware\\ShareErrorsFromSession->handle(Object(Illuminate\\Http\\Request), Object(Closure))
#31 C:\\Dhaval\\Web Development\\Git\\voting\\vendor\\laravel\\framework\\src\\Illuminate\\Session\\Middleware\\StartSession.php(121): Illuminate\\Pipeline\\Pipeline->Illuminate\\Pipeline\\{closure}(Object(Illuminate\\Http\\Request))
#32 C:\\Dhaval\\Web Development\\Git\\voting\\vendor\\laravel\\framework\\src\\Illuminate\\Session\\Middleware\\StartSession.php(64): Illuminate\\Session\\Middleware\\StartSession->handleStatefulRequest(Object(Illuminate\\Http\\Request), Object(Illuminate\\Session\\Store), Object(Closure))
#33 C:\\Dhaval\\Web Development\\Git\\voting\\vendor\\laravel\\framework\\src\\Illuminate\\Pipeline\\Pipeline.php(183): Illuminate\\Session\\Middleware\\StartSession->handle(Object(Illuminate\\Http\\Request), Object(Closure))
#34 C:\\Dhaval\\Web Development\\Git\\voting\\vendor\\laravel\\framework\\src\\Illuminate\\Cookie\\Middleware\\AddQueuedCookiesToResponse.php(37): Illuminate\\Pipeline\\Pipeline->Illuminate\\Pipeline\\{closure}(Object(Illuminate\\Http\\Request))
#35 C:\\Dhaval\\Web Development\\Git\\voting\\vendor\\laravel\\framework\\src\\Illuminate\\Pipeline\\Pipeline.php(183): Illuminate\\Cookie\\Middleware\\AddQueuedCookiesToResponse->handle(Object(Illuminate\\Http\\Request), Object(Closure))
#36 C:\\Dhaval\\Web Development\\Git\\voting\\vendor\\laravel\\framework\\src\\Illuminate\\Cookie\\Middleware\\EncryptCookies.php(67): Illuminate\\Pipeline\\Pipeline->Illuminate\\Pipeline\\{closure}(Object(Illuminate\\Http\\Request))
#37 C:\\Dhaval\\Web Development\\Git\\voting\\vendor\\laravel\\framework\\src\\Illuminate\\Pipeline\\Pipeline.php(183): Illuminate\\Cookie\\Middleware\\EncryptCookies->handle(Object(Illuminate\\Http\\Request), Object(Closure))
#38 C:\\Dhaval\\Web Development\\Git\\voting\\vendor\\laravel\\framework\\src\\Illuminate\\Pipeline\\Pipeline.php(119): Illuminate\\Pipeline\\Pipeline->Illuminate\\Pipeline\\{closure}(Object(Illuminate\\Http\\Request))
#39 C:\\Dhaval\\Web Development\\Git\\voting\\vendor\\laravel\\framework\\src\\Illuminate\\Routing\\Router.php(805): Illuminate\\Pipeline\\Pipeline->then(Object(Closure))
#40 C:\\Dhaval\\Web Development\\Git\\voting\\vendor\\laravel\\framework\\src\\Illuminate\\Routing\\Router.php(784): Illuminate\\Routing\\Router->runRouteWithinStack(Object(Illuminate\\Routing\\Route), Object(Illuminate\\Http\\Request))
#41 C:\\Dhaval\\Web Development\\Git\\voting\\vendor\\laravel\\framework\\src\\Illuminate\\Routing\\Router.php(748): Illuminate\\Routing\\Router->runRoute(Object(Illuminate\\Http\\Request), Object(Illuminate\\Routing\\Route))
#42 C:\\Dhaval\\Web Development\\Git\\voting\\vendor\\laravel\\framework\\src\\Illuminate\\Routing\\Router.php(737): Illuminate\\Routing\\Router->dispatchToRoute(Object(Illuminate\\Http\\Request))
#43 C:\\Dhaval\\Web Development\\Git\\voting\\vendor\\laravel\\framework\\src\\Illuminate\\Foundation\\Http\\Kernel.php(200): Illuminate\\Routing\\Router->dispatch(Object(Illuminate\\Http\\Request))
#44 C:\\Dhaval\\Web Development\\Git\\voting\\vendor\\laravel\\framework\\src\\Illuminate\\Pipeline\\Pipeline.php(144): Illuminate\\Foundation\\Http\\Kernel->Illuminate\\Foundation\\Http\\{closure}(Object(Illuminate\\Http\\Request))
#45 C:\\Dhaval\\Web Development\\Git\\voting\\vendor\\laravel\\framework\\src\\Illuminate\\Foundation\\Http\\Middleware\\TransformsRequest.php(21): Illuminate\\Pipeline\\Pipeline->Illuminate\\Pipeline\\{closure}(Object(Illuminate\\Http\\Request))
#46 C:\\Dhaval\\Web Development\\Git\\voting\\vendor\\laravel\\framework\\src\\Illuminate\\Foundation\\Http\\Middleware\\ConvertEmptyStringsToNull.php(31): Illuminate\\Foundation\\Http\\Middleware\\TransformsRequest->handle(Object(Illuminate\\Http\\Request), Object(Closure))
#47 C:\\Dhaval\\Web Development\\Git\\voting\\vendor\\laravel\\framework\\src\\Illuminate\\Pipeline\\Pipeline.php(183): Illuminate\\Foundation\\Http\\Middleware\\ConvertEmptyStringsToNull->handle(Object(Illuminate\\Http\\Request), Object(Closure))
#48 C:\\Dhaval\\Web Development\\Git\\voting\\vendor\\laravel\\framework\\src\\Illuminate\\Foundation\\Http\\Middleware\\TransformsRequest.php(21): Illuminate\\Pipeline\\Pipeline->Illuminate\\Pipeline\\{closure}(Object(Illuminate\\Http\\Request))
#49 C:\\Dhaval\\Web Development\\Git\\voting\\vendor\\laravel\\framework\\src\\Illuminate\\Foundation\\Http\\Middleware\\TrimStrings.php(40): Illuminate\\Foundation\\Http\\Middleware\\TransformsRequest->handle(Object(Illuminate\\Http\\Request), Object(Closure))
#50 C:\\Dhaval\\Web Development\\Git\\voting\\vendor\\laravel\\framework\\src\\Illuminate\\Pipeline\\Pipeline.php(183): Illuminate\\Foundation\\Http\\Middleware\\TrimStrings->handle(Object(Illuminate\\Http\\Request), Object(Closure))
#51 C:\\Dhaval\\Web Development\\Git\\voting\\vendor\\laravel\\framework\\src\\Illuminate\\Foundation\\Http\\Middleware\\ValidatePostSize.php(27): Illuminate\\Pipeline\\Pipeline->Illuminate\\Pipeline\\{closure}(Object(Illuminate\\Http\\Request))
#52 C:\\Dhaval\\Web Development\\Git\\voting\\vendor\\laravel\\framework\\src\\Illuminate\\Pipeline\\Pipeline.php(183): Illuminate\\Foundation\\Http\\Middleware\\ValidatePostSize->handle(Object(Illuminate\\Http\\Request), Object(Closure))
#53 C:\\Dhaval\\Web Development\\Git\\voting\\vendor\\laravel\\framework\\src\\Illuminate\\Foundation\\Http\\Middleware\\PreventRequestsDuringMaintenance.php(99): Illuminate\\Pipeline\\Pipeline->Illuminate\\Pipeline\\{closure}(Object(Illuminate\\Http\\Request))
#54 C:\\Dhaval\\Web Development\\Git\\voting\\vendor\\laravel\\framework\\src\\Illuminate\\Pipeline\\Pipeline.php(183): Illuminate\\Foundation\\Http\\Middleware\\PreventRequestsDuringMaintenance->handle(Object(Illuminate\\Http\\Request), Object(Closure))
#55 C:\\Dhaval\\Web Development\\Git\\voting\\vendor\\laravel\\framework\\src\\Illuminate\\Http\\Middleware\\HandleCors.php(49): Illuminate\\Pipeline\\Pipeline->Illuminate\\Pipeline\\{closure}(Object(Illuminate\\Http\\Request))
#56 C:\\Dhaval\\Web Development\\Git\\voting\\vendor\\laravel\\framework\\src\\Illuminate\\Pipeline\\Pipeline.php(183): Illuminate\\Http\\Middleware\\HandleCors->handle(Object(Illuminate\\Http\\Request), Object(Closure))
#57 C:\\Dhaval\\Web Development\\Git\\voting\\vendor\\laravel\\framework\\src\\Illuminate\\Http\\Middleware\\TrustProxies.php(39): Illuminate\\Pipeline\\Pipeline->Illuminate\\Pipeline\\{closure}(Object(Illuminate\\Http\\Request))
#58 C:\\Dhaval\\Web Development\\Git\\voting\\vendor\\laravel\\framework\\src\\Illuminate\\Pipeline\\Pipeline.php(183): Illuminate\\Http\\Middleware\\TrustProxies->handle(Object(Illuminate\\Http\\Request), Object(Closure))
#59 C:\\Dhaval\\Web Development\\Git\\voting\\vendor\\laravel\\framework\\src\\Illuminate\\Pipeline\\Pipeline.php(119): Illuminate\\Pipeline\\Pipeline->Illuminate\\Pipeline\\{closure}(Object(Illuminate\\Http\\Request))
#60 C:\\Dhaval\\Web Development\\Git\\voting\\vendor\\laravel\\framework\\src\\Illuminate\\Foundation\\Http\\Kernel.php(175): Illuminate\\Pipeline\\Pipeline->then(Object(Closure))
#61 C:\\Dhaval\\Web Development\\Git\\voting\\vendor\\laravel\\framework\\src\\Illuminate\\Foundation\\Http\\Kernel.php(144): Illuminate\\Foundation\\Http\\Kernel->sendRequestThroughRouter(Object(Illuminate\\Http\\Request))
#62 C:\\Dhaval\\Web Development\\Git\\voting\\public\\index.php(51): Illuminate\\Foundation\\Http\\Kernel->handle(Object(Illuminate\\Http\\Request))
#63 C:\\Dhaval\\Web Development\\Git\\voting\\vendor\\laravel\\framework\\src\\Illuminate\\Foundation\\resources\\server.php(16): require_once('C:\\\\Dhaval\\\\Web D...')
#64 {main}

[previous exception] [object] (PDOException(code: 2002): SQLSTATE[HY000] [2002] No connection could be made because the target machine actively refused it at C:\\Dhaval\\Web Development\\Git\\voting\\vendor\\laravel\\framework\\src\\Illuminate\\Database\\Connectors\\Connector.php:65)
[stacktrace]
#0 C:\\Dhaval\\Web Development\\Git\\voting\\vendor\\laravel\\framework\\src\\Illuminate\\Database\\Connectors\\Connector.php(65): PDO->__construct('mysql:host=127....', 'root', Object(SensitiveParameterValue), Array)
#1 C:\\Dhaval\\Web Development\\Git\\voting\\vendor\\laravel\\framework\\src\\Illuminate\\Database\\Connectors\\Connector.php(83): Illuminate\\Database\\Connectors\\Connector->createPdoConnection('mysql:host=127....', 'root', '', Array)
#2 C:\\Dhaval\\Web Development\\Git\\voting\\vendor\\laravel\\framework\\src\\Illuminate\\Database\\Connectors\\Connector.php(48): Illuminate\\Database\\Connectors\\Connector->tryAgainIfCausedByLostConnection(Object(PDOException), 'mysql:host=127....', 'root', '', Array)
#3 C:\\Dhaval\\Web Development\\Git\\voting\\vendor\\laravel\\framework\\src\\Illuminate\\Database\\Connectors\\MySqlConnector.php(24): Illuminate\\Database\\Connectors\\Connector->createConnection('mysql:host=127....', Array, Array)
#4 C:\\Dhaval\\Web Development\\Git\\voting\\vendor\\laravel\\framework\\src\\Illuminate\\Database\\Connectors\\ConnectionFactory.php(184): Illuminate\\Database\\Connectors\\MySqlConnector->connect(Array)
#5 [internal function]: Illuminate\\Database\\Connectors\\ConnectionFactory->Illuminate\\Database\\Connectors\\{closure}()
#6 C:\\Dhaval\\Web Development\\Git\\voting\\vendor\\laravel\\framework\\src\\Illuminate\\Database\\Connection.php(1319): call_user_func(Object(Closure))
#7 C:\\Dhaval\\Web Development\\Git\\voting\\vendor\\laravel\\framework\\src\\Illuminate\\Database\\Connection.php(1355): Illuminate\\Database\\Connection->getPdo()
#8 C:\\Dhaval\\Web Development\\Git\\voting\\vendor\\laravel\\framework\\src\\Illuminate\\Database\\Connection.php(521): Illuminate\\Database\\Connection->getReadPdo()
#9 C:\\Dhaval\\Web Development\\Git\\voting\\vendor\\laravel\\framework\\src\\Illuminate\\Database\\Connection.php(416): Illuminate\\Database\\Connection->getPdoForSelect(true)
#10 C:\\Dhaval\\Web Development\\Git\\voting\\vendor\\laravel\\framework\\src\\Illuminate\\Database\\Connection.php(809): Illuminate\\Database\\Connection->Illuminate\\Database\\{closure}('select * from `...', Array)
#11 C:\\Dhaval\\Web Development\\Git\\voting\\vendor\\laravel\\framework\\src\\Illuminate\\Database\\Connection.php(976): Illuminate\\Database\\Connection->runQueryCallback('select * from `...', Array, Object(Closure))
#12 C:\\Dhaval\\Web Development\\Git\\voting\\vendor\\laravel\\framework\\src\\Illuminate\\Database\\Connection.php(955): Illuminate\\Database\\Connection->tryAgainIfCausedByLostConnection(Object(Illuminate\\Database\\QueryException), 'select * from `...', Array, Object(Closure))
#13 C:\\Dhaval\\Web Development\\Git\\voting\\vendor\\laravel\\framework\\src\\Illuminate\\Database\\Connection.php(778): Illuminate\\Database\\Connection->handleQueryException(Object(Illuminate\\Database\\QueryException), 'select * from `...', Array, Object(Closure))
#14 C:\\Dhaval\\Web Development\\Git\\voting\\vendor\\laravel\\framework\\src\\Illuminate\\Database\\Connection.php(407): Illuminate\\Database\\Connection->run('select * from `...', Array, Object(Closure))
#15 C:\\Dhaval\\Web Development\\Git\\voting\\vendor\\laravel\\framework\\src\\Illuminate\\Database\\Query\\Builder.php(2751): Illuminate\\Database\\Connection->select('select * from `...', Array, true)
#16 C:\\Dhaval\\Web Development\\Git\\voting\\vendor\\laravel\\framework\\src\\Illuminate\\Database\\Query\\Builder.php(2740): Illuminate\\Database\\Query\\Builder->runSelect()
#17 C:\\Dhaval\\Web Development\\Git\\voting\\vendor\\laravel\\framework\\src\\Illuminate\\Database\\Query\\Builder.php(3294): Illuminate\\Database\\Query\\Builder->Illuminate\\Database\\Query\\{closure}()
#18 C:\\Dhaval\\Web Development\\Git\\voting\\vendor\\laravel\\framework\\src\\Illuminate\\Database\\Query\\Builder.php(2739): Illuminate\\Database\\Query\\Builder->onceWithColumns(Array, Object(Closure))
#19 C:\\Dhaval\\Web Development\\Git\\voting\\vendor\\laravel\\framework\\src\\Illuminate\\Database\\Eloquent\\Builder.php(737): Illuminate\\Database\\Query\\Builder->get(Array)
#20 C:\\Dhaval\\Web Development\\Git\\voting\\vendor\\laravel\\framework\\src\\Illuminate\\Database\\Eloquent\\Builder.php(721): Illuminate\\Database\\Eloquent\\Builder->getModels(Array)
#21 C:\\Dhaval\\Web Development\\Git\\voting\\vendor\\laravel\\framework\\src\\Illuminate\\Database\\Concerns\\BuildsQueries.php(333): Illuminate\\Database\\Eloquent\\Builder->get(Array)
#22 C:\\Dhaval\\Web Development\\Git\\voting\\vendor\\laravel\\framework\\src\\Illuminate\\Auth\\EloquentUserProvider.php(139): Illuminate\\Database\\Eloquent\\Builder->first()
#23 C:\\Dhaval\\Web Development\\Git\\voting\\vendor\\laravel\\framework\\src\\Illuminate\\Auth\\SessionGuard.php(381): Illuminate\\Auth\\EloquentUserProvider->retrieveByCredentials(Array)
#24 C:\\Dhaval\\Web Development\\Git\\voting\\vendor\\laravel\\framework\\src\\Illuminate\\Auth\\AuthManager.php(340): Illuminate\\Auth\\SessionGuard->attempt(Array, false)
#25 C:\\Dhaval\\Web Development\\Git\\voting\\vendor\\laravel\\framework\\src\\Illuminate\\Support\\Facades\\Facade.php(355): Illuminate\\Auth\\AuthManager->__call('attempt', Array)
#26 C:\\Dhaval\\Web Development\\Git\\voting\\app\\Http\\Controllers\\Auth\\LoginController.php(75): Illuminate\\Support\\Facades\\Facade::__callStatic('attempt', Array)
#27 C:\\Dhaval\\Web Development\\Git\\voting\\app\\Http\\Controllers\\Auth\\LoginController.php(54): App\\Http\\Controllers\\Auth\\LoginController->attemptLogin(Object(Illuminate\\Http\\Request))
#28 C:\\Dhaval\\Web Development\\Git\\voting\\vendor\\laravel\\framework\\src\\Illuminate\\Routing\\Controller.php(54): App\\Http\\Controllers\\Auth\\LoginController->login(Object(Illuminate\\Http\\Request))
#29 C:\\Dhaval\\Web Development\\Git\\voting\\vendor\\laravel\\framework\\src\\Illuminate\\Routing\\ControllerDispatcher.php(43): Illuminate\\Routing\\Controller->callAction('login', Array)
#30 C:\\Dhaval\\Web Development\\Git\\voting\\vendor\\laravel\\framework\\src\\Illuminate\\Routing\\Route.php(259): Illuminate\\Routing\\ControllerDispatcher->dispatch(Object(Illuminate\\Routing\\Route), Object(App\\Http\\Controllers\\Auth\\LoginController), 'login')
#31 C:\\Dhaval\\Web Development\\Git\\voting\\vendor\\laravel\\framework\\src\\Illuminate\\Routing\\Route.php(205): Illuminate\\Routing\\Route->runController()
#32 C:\\Dhaval\\Web Development\\Git\\voting\\vendor\\laravel\\framework\\src\\Illuminate\\Routing\\Router.php(806): Illuminate\\Routing\\Route->run()
#33 C:\\Dhaval\\Web Development\\Git\\voting\\vendor\\laravel\\framework\\src\\Illuminate\\Pipeline\\Pipeline.php(144): Illuminate\\Routing\\Router->Illuminate\\Routing\\{closure}(Object(Illuminate\\Http\\Request))
#34 C:\\Dhaval\\Web Development\\Git\\voting\\app\\Http\\Middleware\\RedirectIfAuthenticated.php(28): Illuminate\\Pipeline\\Pipeline->Illuminate\\Pipeline\\{closure}(Object(Illuminate\\Http\\Request))
#35 C:\\Dhaval\\Web Development\\Git\\voting\\vendor\\laravel\\framework\\src\\Illuminate\\Pipeline\\Pipeline.php(183): App\\Http\\Middleware\\RedirectIfAuthenticated->handle(Object(Illuminate\\Http\\Request), Object(Closure))
#36 C:\\Dhaval\\Web Development\\Git\\voting\\vendor\\laravel\\framework\\src\\Illuminate\\Routing\\Middleware\\SubstituteBindings.php(50): Illuminate\\Pipeline\\Pipeline->Illuminate\\Pipeline\\{closure}(Object(Illuminate\\Http\\Request))
#37 C:\\Dhaval\\Web Development\\Git\\voting\\vendor\\laravel\\framework\\src\\Illuminate\\Pipeline\\Pipeline.php(183): Illuminate\\Routing\\Middleware\\SubstituteBindings->handle(Object(Illuminate\\Http\\Request), Object(Closure))
#38 C:\\Dhaval\\Web Development\\Git\\voting\\vendor\\laravel\\framework\\src\\Illuminate\\Foundation\\Http\\Middleware\\VerifyCsrfToken.php(78): Illuminate\\Pipeline\\Pipeline->Illuminate\\Pipeline\\{closure}(Object(Illuminate\\Http\\Request))
#39 C:\\Dhaval\\Web Development\\Git\\voting\\vendor\\laravel\\framework\\src\\Illuminate\\Pipeline\\Pipeline.php(183): Illuminate\\Foundation\\Http\\Middleware\\VerifyCsrfToken->handle(Object(Illuminate\\Http\\Request), Object(Closure))
#40 C:\\Dhaval\\Web Development\\Git\\voting\\vendor\\laravel\\framework\\src\\Illuminate\\View\\Middleware\\ShareErrorsFromSession.php(49): Illuminate\\Pipeline\\Pipeline->Illuminate\\Pipeline\\{closure}(Object(Illuminate\\Http\\Request))
#41 C:\\Dhaval\\Web Development\\Git\\voting\\vendor\\laravel\\framework\\src\\Illuminate\\Pipeline\\Pipeline.php(183): Illuminate\\View\\Middleware\\ShareErrorsFromSession->handle(Object(Illuminate\\Http\\Request), Object(Closure))
#42 C:\\Dhaval\\Web Development\\Git\\voting\\vendor\\laravel\\framework\\src\\Illuminate\\Session\\Middleware\\StartSession.php(121): Illuminate\\Pipeline\\Pipeline->Illuminate\\Pipeline\\{closure}(Object(Illuminate\\Http\\Request))
#43 C:\\Dhaval\\Web Development\\Git\\voting\\vendor\\laravel\\framework\\src\\Illuminate\\Session\\Middleware\\StartSession.php(64): Illuminate\\Session\\Middleware\\StartSession->handleStatefulRequest(Object(Illuminate\\Http\\Request), Object(Illuminate\\Session\\Store), Object(Closure))
#44 C:\\Dhaval\\Web Development\\Git\\voting\\vendor\\laravel\\framework\\src\\Illuminate\\Pipeline\\Pipeline.php(183): Illuminate\\Session\\Middleware\\StartSession->handle(Object(Illuminate\\Http\\Request), Object(Closure))
#45 C:\\Dhaval\\Web Development\\Git\\voting\\vendor\\laravel\\framework\\src\\Illuminate\\Cookie\\Middleware\\AddQueuedCookiesToResponse.php(37): Illuminate\\Pipeline\\Pipeline->Illuminate\\Pipeline\\{closure}(Object(Illuminate\\Http\\Request))
#46 C:\\Dhaval\\Web Development\\Git\\voting\\vendor\\laravel\\framework\\src\\Illuminate\\Pipeline\\Pipeline.php(183): Illuminate\\Cookie\\Middleware\\AddQueuedCookiesToResponse->handle(Object(Illuminate\\Http\\Request), Object(Closure))
#47 C:\\Dhaval\\Web Development\\Git\\voting\\vendor\\laravel\\framework\\src\\Illuminate\\Cookie\\Middleware\\EncryptCookies.php(67): Illuminate\\Pipeline\\Pipeline->Illuminate\\Pipeline\\{closure}(Object(Illuminate\\Http\\Request))
#48 C:\\Dhaval\\Web Development\\Git\\voting\\vendor\\laravel\\framework\\src\\Illuminate\\Pipeline\\Pipeline.php(183): Illuminate\\Cookie\\Middleware\\EncryptCookies->handle(Object(Illuminate\\Http\\Request), Object(Closure))
#49 C:\\Dhaval\\Web Development\\Git\\voting\\vendor\\laravel\\framework\\src\\Illuminate\\Pipeline\\Pipeline.php(119): Illuminate\\Pipeline\\Pipeline->Illuminate\\Pipeline\\{closure}(Object(Illuminate\\Http\\Request))
#50 C:\\Dhaval\\Web Development\\Git\\voting\\vendor\\laravel\\framework\\src\\Illuminate\\Routing\\Router.php(805): Illuminate\\Pipeline\\Pipeline->then(Object(Closure))
#51 C:\\Dhaval\\Web Development\\Git\\voting\\vendor\\laravel\\framework\\src\\Illuminate\\Routing\\Router.php(784): Illuminate\\Routing\\Router->runRouteWithinStack(Object(Illuminate\\Routing\\Route), Object(Illuminate\\Http\\Request))
#52 C:\\Dhaval\\Web Development\\Git\\voting\\vendor\\laravel\\framework\\src\\Illuminate\\Routing\\Router.php(748): Illuminate\\Routing\\Router->runRoute(Object(Illuminate\\Http\\Request), Object(Illuminate\\Routing\\Route))
#53 C:\\Dhaval\\Web Development\\Git\\voting\\vendor\\laravel\\framework\\src\\Illuminate\\Routing\\Router.php(737): Illuminate\\Routing\\Router->dispatchToRoute(Object(Illuminate\\Http\\Request))
#54 C:\\Dhaval\\Web Development\\Git\\voting\\vendor\\laravel\\framework\\src\\Illuminate\\Foundation\\Http\\Kernel.php(200): Illuminate\\Routing\\Router->dispatch(Object(Illuminate\\Http\\Request))
#55 C:\\Dhaval\\Web Development\\Git\\voting\\vendor\\laravel\\framework\\src\\Illuminate\\Pipeline\\Pipeline.php(144): Illuminate\\Foundation\\Http\\Kernel->Illuminate\\Foundation\\Http\\{closure}(Object(Illuminate\\Http\\Request))
#56 C:\\Dhaval\\Web Development\\Git\\voting\\vendor\\laravel\\framework\\src\\Illuminate\\Foundation\\Http\\Middleware\\TransformsRequest.php(21): Illuminate\\Pipeline\\Pipeline->Illuminate\\Pipeline\\{closure}(Object(Illuminate\\Http\\Request))
#57 C:\\Dhaval\\Web Development\\Git\\voting\\vendor\\laravel\\framework\\src\\Illuminate\\Foundation\\Http\\Middleware\\ConvertEmptyStringsToNull.php(31): Illuminate\\Foundation\\Http\\Middleware\\TransformsRequest->handle(Object(Illuminate\\Http\\Request), Object(Closure))
#58 C:\\Dhaval\\Web Development\\Git\\voting\\vendor\\laravel\\framework\\src\\Illuminate\\Pipeline\\Pipeline.php(183): Illuminate\\Foundation\\Http\\Middleware\\ConvertEmptyStringsToNull->handle(Object(Illuminate\\Http\\Request), Object(Closure))
#59 C:\\Dhaval\\Web Development\\Git\\voting\\vendor\\laravel\\framework\\src\\Illuminate\\Foundation\\Http\\Middleware\\TransformsRequest.php(21): Illuminate\\Pipeline\\Pipeline->Illuminate\\Pipeline\\{closure}(Object(Illuminate\\Http\\Request))
#60 C:\\Dhaval\\Web Development\\Git\\voting\\vendor\\laravel\\framework\\src\\Illuminate\\Foundation\\Http\\Middleware\\TrimStrings.php(40): Illuminate\\Foundation\\Http\\Middleware\\TransformsRequest->handle(Object(Illuminate\\Http\\Request), Object(Closure))
#61 C:\\Dhaval\\Web Development\\Git\\voting\\vendor\\laravel\\framework\\src\\Illuminate\\Pipeline\\Pipeline.php(183): Illuminate\\Foundation\\Http\\Middleware\\TrimStrings->handle(Object(Illuminate\\Http\\Request), Object(Closure))
#62 C:\\Dhaval\\Web Development\\Git\\voting\\vendor\\laravel\\framework\\src\\Illuminate\\Foundation\\Http\\Middleware\\ValidatePostSize.php(27): Illuminate\\Pipeline\\Pipeline->Illuminate\\Pipeline\\{closure}(Object(Illuminate\\Http\\Request))
#63 C:\\Dhaval\\Web Development\\Git\\voting\\vendor\\laravel\\framework\\src\\Illuminate\\Pipeline\\Pipeline.php(183): Illuminate\\Foundation\\Http\\Middleware\\ValidatePostSize->handle(Object(Illuminate\\Http\\Request), Object(Closure))
#64 C:\\Dhaval\\Web Development\\Git\\voting\\vendor\\laravel\\framework\\src\\Illuminate\\Foundation\\Http\\Middleware\\PreventRequestsDuringMaintenance.php(99): Illuminate\\Pipeline\\Pipeline->Illuminate\\Pipeline\\{closure}(Object(Illuminate\\Http\\Request))
#65 C:\\Dhaval\\Web Development\\Git\\voting\\vendor\\laravel\\framework\\src\\Illuminate\\Pipeline\\Pipeline.php(183): Illuminate\\Foundation\\Http\\Middleware\\PreventRequestsDuringMaintenance->handle(Object(Illuminate\\Http\\Request), Object(Closure))
#66 C:\\Dhaval\\Web Development\\Git\\voting\\vendor\\laravel\\framework\\src\\Illuminate\\Http\\Middleware\\HandleCors.php(49): Illuminate\\Pipeline\\Pipeline->Illuminate\\Pipeline\\{closure}(Object(Illuminate\\Http\\Request))
#67 C:\\Dhaval\\Web Development\\Git\\voting\\vendor\\laravel\\framework\\src\\Illuminate\\Pipeline\\Pipeline.php(183): Illuminate\\Http\\Middleware\\HandleCors->handle(Object(Illuminate\\Http\\Request), Object(Closure))
#68 C:\\Dhaval\\Web Development\\Git\\voting\\vendor\\laravel\\framework\\src\\Illuminate\\Http\\Middleware\\TrustProxies.php(39): Illuminate\\Pipeline\\Pipeline->Illuminate\\Pipeline\\{closure}(Object(Illuminate\\Http\\Request))
#69 C:\\Dhaval\\Web Development\\Git\\voting\\vendor\\laravel\\framework\\src\\Illuminate\\Pipeline\\Pipeline.php(183): Illuminate\\Http\\Middleware\\TrustProxies->handle(Object(Illuminate\\Http\\Request), Object(Closure))
#70 C:\\Dhaval\\Web Development\\Git\\voting\\vendor\\laravel\\framework\\src\\Illuminate\\Pipeline\\Pipeline.php(119): Illuminate\\Pipeline\\Pipeline->Illuminate\\Pipeline\\{closure}(Object(Illuminate\\Http\\Request))
#71 C:\\Dhaval\\Web Development\\Git\\voting\\vendor\\laravel\\framework\\src\\Illuminate\\Foundation\\Http\\Kernel.php(175): Illuminate\\Pipeline\\Pipeline->then(Object(Closure))
#72 C:\\Dhaval\\Web Development\\Git\\voting\\vendor\\laravel\\framework\\src\\Illuminate\\Foundation\\Http\\Kernel.php(144): Illuminate\\Foundation\\Http\\Kernel->sendRequestThroughRouter(Object(Illuminate\\Http\\Request))
#73 C:\\Dhaval\\Web Development\\Git\\voting\\public\\index.php(51): Illuminate\\Foundation\\Http\\Kernel->handle(Object(Illuminate\\Http\\Request))
#74 C:\\Dhaval\\Web Development\\Git\\voting\\vendor\\laravel\\framework\\src\\Illuminate\\Foundation\\resources\\server.php(16): require_once('C:\\\\Dhaval\\\\Web D...')
#75 {main}
"} 
[2026-01-03 11:22:15] local.ERROR: Maximum execution time of 60 seconds exceeded {"exception":"[object] (Symfony\\Component\\ErrorHandler\\Error\\FatalError(code: 0): Maximum execution time of 60 seconds exceeded at C:\\Dhaval\\Web Development\\Git\\voting\\vendor\\laravel\\framework\\src\\Illuminate\\Database\\Connectors\\Connector.php:65)
[stacktrace]
#0 {main}
"} 
[2026-01-03 11:22:17] local.ERROR: Failed to set MySQL timeout settings: SQLSTATE[HY000] [2002] No connection could be made because the target machine actively refused it  
[2026-01-03 11:22:17] local.ERROR: Failed to set MySQL timeout settings: SQLSTATE[HY000] [2002] No connection could be made because the target machine actively refused it  
[2026-01-03 11:22:17] local.ERROR: Failed to set MySQL timeout settings: SQLSTATE[HY000] [2002] No connection could be made because the target machine actively refused it  
[2026-01-03 11:22:17] local.ERROR: Failed to set MySQL timeout settings: SQLSTATE[HY000] [2002] No connection could be made because the target machine actively refused it  
[2026-01-03 11:22:17] local.ERROR: Failed to set MySQL timeout settings: SQLSTATE[HY000] [2002] No connection could be made because the target machine actively refused it  
[2026-01-03 11:22:17] local.ERROR: Failed to set MySQL timeout settings: SQLSTATE[HY000] [2002] No connection could be made because the target machine actively refused it  
[2026-01-03 11:22:17] local.ERROR: Failed to set MySQL timeout settings: SQLSTATE[HY000] [2002] No connection could be made because the target machine actively refused it  
[2026-01-03 11:22:25] local.ERROR: Failed to set MySQL timeout settings: SQLSTATE[HY000] [2006] MySQL server has gone away  
[2026-01-03 11:22:29] local.ERROR: Failed to set MySQL timeout settings: SQLSTATE[HY000] [2006] MySQL server has gone away  
[2026-01-03 11:22:33] local.ERROR: Failed to set MySQL timeout settings: SQLSTATE[HY000] [2006] MySQL server has gone away  
[2026-01-03 11:22:38] local.ERROR: Failed to set MySQL timeout settings: SQLSTATE[HY000] [2006] MySQL server has gone away  
[2026-01-03 11:23:13] local.ERROR: Failed to set MySQL timeout settings: SQLSTATE[HY000] [2002] No connection could be made because the target machine actively refused it  
[2026-01-03 11:23:13] local.ERROR: Failed to set MySQL timeout settings: SQLSTATE[HY000] [2002] No connection could be made because the target machine actively refused it  
[2026-03-18 22:42:34] local.ERROR: Failed to set MySQL timeout settings: SQLSTATE[HY000] [2002] No connection could be made because the target machine actively refused it  
[2026-03-18 22:42:34] local.ERROR: Failed to set MySQL timeout settings: SQLSTATE[HY000] [2002] No connection could be made because the target machine actively refused it  
[2026-03-18 22:42:34] local.ERROR: Failed to set MySQL timeout settings: SQLSTATE[HY000] [2002] No connection could be made because the target machine actively refused it  
[2026-03-18 22:42:34] local.ERROR: Failed to set MySQL timeout settings: SQLSTATE[HY000] [2002] No connection could be made because the target machine actively refused it  
[2026-03-18 22:42:39] local.ERROR: Failed to set MySQL timeout settings: SQLSTATE[HY000] [2002] No connection could be made because the target machine actively refused it  
[2026-03-18 22:42:39] local.ERROR: Failed to set MySQL timeout settings: SQLSTATE[HY000] [2002] No connection could be made because the target machine actively refused it  
